// Vitest Snapshot v1, https://vitest.dev/guide/snapshot.html

exports[`getContributors > should return contributors for a zone 1`] = `
[
  "corradio",
  "nessie2013",
  "gadakast",
  "pnook",
]
`;

exports[`getDisclaimer > should return disclaimer for a zone 1`] = `"Solar production is collected from NED.nl and can contain their own estimations."`;
