# serializer version: 1
# name: test_fetch_consumption_historical
  list([
    dict({
      'consumption': 1703.56375,
      'datetime': datetime.datetime(2023, 7, 16, 0, 0, tzinfo=datetime.timezone.utc),
      'source': 'amm.org.gt',
      'sourceType': <EventSourceType.measured: 'measured'>,
      'zoneKey': 'GT',
    }),
    dict({
      'consumption': 1730.42375,
      'datetime': datetime.datetime(2023, 7, 16, 1, 0, tzinfo=datetime.timezone.utc),
      'source': 'amm.org.gt',
      'sourceType': <EventSourceType.measured: 'measured'>,
      'zoneKey': 'GT',
    }),
    dict({
      'consumption': 1700.99375,
      'datetime': datetime.datetime(2023, 7, 16, 2, 0, tzinfo=datetime.timezone.utc),
      'source': 'amm.org.gt',
      'sourceType': <EventSourceType.measured: 'measured'>,
      'zoneKey': 'GT',
    }),
    dict({
      'consumption': 1492.59375,
      'datetime': datetime.datetime(2023, 7, 16, 3, 0, tzinfo=datetime.timezone.utc),
      'source': 'amm.org.gt',
      'sourceType': <EventSourceType.measured: 'measured'>,
      'zoneKey': 'GT',
    }),
    dict({
      'consumption': 1340.40375,
      'datetime': datetime.datetime(2023, 7, 16, 4, 0, tzinfo=datetime.timezone.utc),
      'source': 'amm.org.gt',
      'sourceType': <EventSourceType.measured: 'measured'>,
      'zoneKey': 'GT',
    }),
    dict({
      'consumption': 1203.66375,
      'datetime': datetime.datetime(2023, 7, 16, 5, 0, tzinfo=datetime.timezone.utc),
      'source': 'amm.org.gt',
      'sourceType': <EventSourceType.measured: 'measured'>,
      'zoneKey': 'GT',
    }),
    dict({
      'consumption': 1140.08,
      'datetime': datetime.datetime(2023, 7, 16, 6, 0, tzinfo=datetime.timezone.utc),
      'source': 'amm.org.gt',
      'sourceType': <EventSourceType.measured: 'measured'>,
      'zoneKey': 'GT',
    }),
    dict({
      'consumption': 1096.95,
      'datetime': datetime.datetime(2023, 7, 16, 7, 0, tzinfo=datetime.timezone.utc),
      'source': 'amm.org.gt',
      'sourceType': <EventSourceType.measured: 'measured'>,
      'zoneKey': 'GT',
    }),
    dict({
      'consumption': 1074.49,
      'datetime': datetime.datetime(2023, 7, 16, 8, 0, tzinfo=datetime.timezone.utc),
      'source': 'amm.org.gt',
      'sourceType': <EventSourceType.measured: 'measured'>,
      'zoneKey': 'GT',
    }),
    dict({
      'consumption': 1074.75,
      'datetime': datetime.datetime(2023, 7, 16, 9, 0, tzinfo=datetime.timezone.utc),
      'source': 'amm.org.gt',
      'sourceType': <EventSourceType.measured: 'measured'>,
      'zoneKey': 'GT',
    }),
    dict({
      'consumption': 1088.75,
      'datetime': datetime.datetime(2023, 7, 16, 10, 0, tzinfo=datetime.timezone.utc),
      'source': 'amm.org.gt',
      'sourceType': <EventSourceType.measured: 'measured'>,
      'zoneKey': 'GT',
    }),
    dict({
      'consumption': 1081.36,
      'datetime': datetime.datetime(2023, 7, 16, 11, 0, tzinfo=datetime.timezone.utc),
      'source': 'amm.org.gt',
      'sourceType': <EventSourceType.measured: 'measured'>,
      'zoneKey': 'GT',
    }),
    dict({
      'consumption': 1160.55,
      'datetime': datetime.datetime(2023, 7, 16, 12, 0, tzinfo=datetime.timezone.utc),
      'source': 'amm.org.gt',
      'sourceType': <EventSourceType.measured: 'measured'>,
      'zoneKey': 'GT',
    }),
    dict({
      'consumption': 1203.68,
      'datetime': datetime.datetime(2023, 7, 16, 13, 0, tzinfo=datetime.timezone.utc),
      'source': 'amm.org.gt',
      'sourceType': <EventSourceType.measured: 'measured'>,
      'zoneKey': 'GT',
    }),
    dict({
      'consumption': 1352.67,
      'datetime': datetime.datetime(2023, 7, 16, 14, 0, tzinfo=datetime.timezone.utc),
      'source': 'amm.org.gt',
      'sourceType': <EventSourceType.measured: 'measured'>,
      'zoneKey': 'GT',
    }),
    dict({
      'consumption': 1350.31,
      'datetime': datetime.datetime(2023, 7, 16, 15, 0, tzinfo=datetime.timezone.utc),
      'source': 'amm.org.gt',
      'sourceType': <EventSourceType.measured: 'measured'>,
      'zoneKey': 'GT',
    }),
    dict({
      'consumption': 1412.68,
      'datetime': datetime.datetime(2023, 7, 16, 16, 0, tzinfo=datetime.timezone.utc),
      'source': 'amm.org.gt',
      'sourceType': <EventSourceType.measured: 'measured'>,
      'zoneKey': 'GT',
    }),
    dict({
      'consumption': 1448.37,
      'datetime': datetime.datetime(2023, 7, 16, 17, 0, tzinfo=datetime.timezone.utc),
      'source': 'amm.org.gt',
      'sourceType': <EventSourceType.measured: 'measured'>,
      'zoneKey': 'GT',
    }),
    dict({
      'consumption': 1382.9,
      'datetime': datetime.datetime(2023, 7, 16, 18, 0, tzinfo=datetime.timezone.utc),
      'source': 'amm.org.gt',
      'sourceType': <EventSourceType.measured: 'measured'>,
      'zoneKey': 'GT',
    }),
    dict({
      'consumption': 1405.98,
      'datetime': datetime.datetime(2023, 7, 16, 19, 0, tzinfo=datetime.timezone.utc),
      'source': 'amm.org.gt',
      'sourceType': <EventSourceType.measured: 'measured'>,
      'zoneKey': 'GT',
    }),
    dict({
      'consumption': 1422.24,
      'datetime': datetime.datetime(2023, 7, 16, 20, 0, tzinfo=datetime.timezone.utc),
      'source': 'amm.org.gt',
      'sourceType': <EventSourceType.measured: 'measured'>,
      'zoneKey': 'GT',
    }),
    dict({
      'consumption': 1352.48,
      'datetime': datetime.datetime(2023, 7, 16, 21, 0, tzinfo=datetime.timezone.utc),
      'source': 'amm.org.gt',
      'sourceType': <EventSourceType.measured: 'measured'>,
      'zoneKey': 'GT',
    }),
    dict({
      'consumption': 1366.11,
      'datetime': datetime.datetime(2023, 7, 16, 22, 0, tzinfo=datetime.timezone.utc),
      'source': 'amm.org.gt',
      'sourceType': <EventSourceType.measured: 'measured'>,
      'zoneKey': 'GT',
    }),
    dict({
      'consumption': 1370.2,
      'datetime': datetime.datetime(2023, 7, 16, 23, 0, tzinfo=datetime.timezone.utc),
      'source': 'amm.org.gt',
      'sourceType': <EventSourceType.measured: 'measured'>,
      'zoneKey': 'GT',
    }),
  ])
# ---
# name: test_fetch_consumption_live
  list([
    dict({
      'consumption': 2046.61,
      'datetime': FakeDatetime(2024, 4, 10, 0, 0, tzinfo=datetime.timezone.utc),
      'source': 'amm.org.gt',
      'sourceType': <EventSourceType.measured: 'measured'>,
      'zoneKey': 'GT',
    }),
    dict({
      'consumption': 2066.08,
      'datetime': FakeDatetime(2024, 4, 10, 1, 0, tzinfo=datetime.timezone.utc),
      'source': 'amm.org.gt',
      'sourceType': <EventSourceType.measured: 'measured'>,
      'zoneKey': 'GT',
    }),
    dict({
      'consumption': 2004.28,
      'datetime': FakeDatetime(2024, 4, 10, 2, 0, tzinfo=datetime.timezone.utc),
      'source': 'amm.org.gt',
      'sourceType': <EventSourceType.measured: 'measured'>,
      'zoneKey': 'GT',
    }),
    dict({
      'consumption': 1783.81,
      'datetime': FakeDatetime(2024, 4, 10, 3, 0, tzinfo=datetime.timezone.utc),
      'source': 'amm.org.gt',
      'sourceType': <EventSourceType.measured: 'measured'>,
      'zoneKey': 'GT',
    }),
    dict({
      'consumption': 1548.1,
      'datetime': FakeDatetime(2024, 4, 10, 4, 0, tzinfo=datetime.timezone.utc),
      'source': 'amm.org.gt',
      'sourceType': <EventSourceType.measured: 'measured'>,
      'zoneKey': 'GT',
    }),
    dict({
      'consumption': 1386.88,
      'datetime': FakeDatetime(2024, 4, 10, 5, 0, tzinfo=datetime.timezone.utc),
      'source': 'amm.org.gt',
      'sourceType': <EventSourceType.measured: 'measured'>,
      'zoneKey': 'GT',
    }),
    dict({
      'consumption': 1320.37,
      'datetime': FakeDatetime(2024, 4, 10, 6, 0, tzinfo=datetime.timezone.utc),
      'source': 'amm.org.gt',
      'sourceType': <EventSourceType.measured: 'measured'>,
      'zoneKey': 'GT',
    }),
    dict({
      'consumption': 1289.14,
      'datetime': FakeDatetime(2024, 4, 10, 7, 0, tzinfo=datetime.timezone.utc),
      'source': 'amm.org.gt',
      'sourceType': <EventSourceType.measured: 'measured'>,
      'zoneKey': 'GT',
    }),
    dict({
      'consumption': 1249.83,
      'datetime': FakeDatetime(2024, 4, 10, 8, 0, tzinfo=datetime.timezone.utc),
      'source': 'amm.org.gt',
      'sourceType': <EventSourceType.measured: 'measured'>,
      'zoneKey': 'GT',
    }),
    dict({
      'consumption': 1262.99,
      'datetime': FakeDatetime(2024, 4, 10, 9, 0, tzinfo=datetime.timezone.utc),
      'source': 'amm.org.gt',
      'sourceType': <EventSourceType.measured: 'measured'>,
      'zoneKey': 'GT',
    }),
    dict({
      'consumption': 1308.51,
      'datetime': FakeDatetime(2024, 4, 10, 10, 0, tzinfo=datetime.timezone.utc),
      'source': 'amm.org.gt',
      'sourceType': <EventSourceType.measured: 'measured'>,
      'zoneKey': 'GT',
    }),
    dict({
      'consumption': 1453.43,
      'datetime': FakeDatetime(2024, 4, 10, 11, 0, tzinfo=datetime.timezone.utc),
      'source': 'amm.org.gt',
      'sourceType': <EventSourceType.measured: 'measured'>,
      'zoneKey': 'GT',
    }),
  ])
# ---
# name: test_fetch_production_historical
  list([
    dict({
      'correctedModes': list([
      ]),
      'datetime': datetime.datetime(2023, 7, 16, 0, 0, tzinfo=datetime.timezone.utc),
      'production': dict({
        'biomass': 0.2,
        'coal': 646.85,
        'gas': 0,
        'geothermal': 32.5,
        'hydro': 755.15,
        'oil': 120.94375,
        'solar': 0.99,
        'wind': 24.45,
      }),
      'source': 'amm.org.gt',
      'sourceType': <EventSourceType.measured: 'measured'>,
      'storage': dict({
      }),
      'zoneKey': 'GT',
    }),
    dict({
      'correctedModes': list([
      ]),
      'datetime': datetime.datetime(2023, 7, 16, 1, 0, tzinfo=datetime.timezone.utc),
      'production': dict({
        'biomass': 0,
        'coal': 646.58,
        'gas': 0,
        'geothermal': 29.79,
        'hydro': 856.56,
        'oil': 141.63375,
        'solar': 0,
        'wind': 17.5,
      }),
      'source': 'amm.org.gt',
      'sourceType': <EventSourceType.measured: 'measured'>,
      'storage': dict({
      }),
      'zoneKey': 'GT',
    }),
    dict({
      'correctedModes': list([
      ]),
      'datetime': datetime.datetime(2023, 7, 16, 2, 0, tzinfo=datetime.timezone.utc),
      'production': dict({
        'biomass': 0,
        'coal': 646.87,
        'gas': 0,
        'geothermal': 32.37,
        'hydro': 844.89,
        'oil': 147.39375,
        'solar': 0,
        'wind': 37.05,
      }),
      'source': 'amm.org.gt',
      'sourceType': <EventSourceType.measured: 'measured'>,
      'storage': dict({
      }),
      'zoneKey': 'GT',
    }),
    dict({
      'correctedModes': list([
      ]),
      'datetime': datetime.datetime(2023, 7, 16, 3, 0, tzinfo=datetime.timezone.utc),
      'production': dict({
        'biomass': 0,
        'coal': 645.67,
        'gas': 0,
        'geothermal': 31.9,
        'hydro': 592.94,
        'oil': 130.15375,
        'solar': 0,
        'wind': 6.5,
      }),
      'source': 'amm.org.gt',
      'sourceType': <EventSourceType.measured: 'measured'>,
      'storage': dict({
      }),
      'zoneKey': 'GT',
    }),
    dict({
      'correctedModes': list([
      ]),
      'datetime': datetime.datetime(2023, 7, 16, 4, 0, tzinfo=datetime.timezone.utc),
      'production': dict({
        'biomass': 0,
        'coal': 645.66,
        'gas': 0,
        'geothermal': 32.72,
        'hydro': 415.83,
        'oil': 147.85375,
        'solar': 0,
        'wind': 29.06,
      }),
      'source': 'amm.org.gt',
      'sourceType': <EventSourceType.measured: 'measured'>,
      'storage': dict({
      }),
      'zoneKey': 'GT',
    }),
    dict({
      'correctedModes': list([
      ]),
      'datetime': datetime.datetime(2023, 7, 16, 5, 0, tzinfo=datetime.timezone.utc),
      'production': dict({
        'biomass': 0,
        'coal': 645.56,
        'gas': 0,
        'geothermal': 32.94,
        'hydro': 357.47,
        'oil': 63.12375,
        'solar': 0,
        'wind': 81.45,
      }),
      'source': 'amm.org.gt',
      'sourceType': <EventSourceType.measured: 'measured'>,
      'storage': dict({
      }),
      'zoneKey': 'GT',
    }),
    dict({
      'correctedModes': list([
      ]),
      'datetime': datetime.datetime(2023, 7, 16, 6, 0, tzinfo=datetime.timezone.utc),
      'production': dict({
        'biomass': 0,
        'coal': 642.73,
        'gas': 0,
        'geothermal': 32.64,
        'hydro': 248.82,
        'oil': 147.41,
        'solar': 0,
        'wind': 72.8,
      }),
      'source': 'amm.org.gt',
      'sourceType': <EventSourceType.measured: 'measured'>,
      'storage': dict({
      }),
      'zoneKey': 'GT',
    }),
    dict({
      'correctedModes': list([
      ]),
      'datetime': datetime.datetime(2023, 7, 16, 7, 0, tzinfo=datetime.timezone.utc),
      'production': dict({
        'biomass': 0,
        'coal': 645.51,
        'gas': 0,
        'geothermal': 32.56,
        'hydro': 247.63,
        'oil': 88.99,
        'solar': 0,
        'wind': 85.67,
      }),
      'source': 'amm.org.gt',
      'sourceType': <EventSourceType.measured: 'measured'>,
      'storage': dict({
      }),
      'zoneKey': 'GT',
    }),
    dict({
      'correctedModes': list([
      ]),
      'datetime': datetime.datetime(2023, 7, 16, 8, 0, tzinfo=datetime.timezone.utc),
      'production': dict({
        'biomass': 0,
        'coal': 625.63,
        'gas': 0,
        'geothermal': 32.45,
        'hydro': 269.04,
        'oil': 37.71,
        'solar': 0,
        'wind': 84.24,
      }),
      'source': 'amm.org.gt',
      'sourceType': <EventSourceType.measured: 'measured'>,
      'storage': dict({
      }),
      'zoneKey': 'GT',
    }),
    dict({
      'correctedModes': list([
      ]),
      'datetime': datetime.datetime(2023, 7, 16, 9, 0, tzinfo=datetime.timezone.utc),
      'production': dict({
        'biomass': 0.2,
        'coal': 501.42,
        'gas': 0,
        'geothermal': 32.57,
        'hydro': 341.65,
        'oil': 61.21,
        'solar': 0,
        'wind': 91.68,
      }),
      'source': 'amm.org.gt',
      'sourceType': <EventSourceType.measured: 'measured'>,
      'storage': dict({
      }),
      'zoneKey': 'GT',
    }),
    dict({
      'correctedModes': list([
      ]),
      'datetime': datetime.datetime(2023, 7, 16, 10, 0, tzinfo=datetime.timezone.utc),
      'production': dict({
        'biomass': 0.2,
        'coal': 401.97,
        'gas': 0,
        'geothermal': 31.48,
        'hydro': 399.81,
        'oil': 58.46,
        'solar': 0,
        'wind': 94.31,
      }),
      'source': 'amm.org.gt',
      'sourceType': <EventSourceType.measured: 'measured'>,
      'storage': dict({
      }),
      'zoneKey': 'GT',
    }),
    dict({
      'correctedModes': list([
      ]),
      'datetime': datetime.datetime(2023, 7, 16, 11, 0, tzinfo=datetime.timezone.utc),
      'production': dict({
        'biomass': 0.2,
        'coal': 390.35,
        'gas': 0,
        'geothermal': 31.62,
        'hydro': 429.84,
        'oil': 27,
        'solar': 0.84,
        'wind': 97.22,
      }),
      'source': 'amm.org.gt',
      'sourceType': <EventSourceType.measured: 'measured'>,
      'storage': dict({
      }),
      'zoneKey': 'GT',
    }),
    dict({
      'correctedModes': list([
      ]),
      'datetime': datetime.datetime(2023, 7, 16, 12, 0, tzinfo=datetime.timezone.utc),
      'production': dict({
        'biomass': 0.2,
        'coal': 392.48,
        'gas': 0,
        'geothermal': 31.36,
        'hydro': 475.3,
        'oil': 44.28,
        'solar': 10.54,
        'wind': 93.74,
      }),
      'source': 'amm.org.gt',
      'sourceType': <EventSourceType.measured: 'measured'>,
      'storage': dict({
      }),
      'zoneKey': 'GT',
    }),
    dict({
      'correctedModes': list([
      ]),
      'datetime': datetime.datetime(2023, 7, 16, 13, 0, tzinfo=datetime.timezone.utc),
      'production': dict({
        'biomass': 0.2,
        'coal': 392.23,
        'gas': 0,
        'geothermal': 30.83,
        'hydro': 558.06,
        'oil': 23.92,
        'solar': 20.52,
        'wind': 97.33,
      }),
      'source': 'amm.org.gt',
      'sourceType': <EventSourceType.measured: 'measured'>,
      'storage': dict({
      }),
      'zoneKey': 'GT',
    }),
    dict({
      'correctedModes': list([
      ]),
      'datetime': datetime.datetime(2023, 7, 16, 14, 0, tzinfo=datetime.timezone.utc),
      'production': dict({
        'biomass': 0.2,
        'coal': 525.43,
        'gas': 0,
        'geothermal': 30.44,
        'hydro': 596.34,
        'oil': 24.64,
        'solar': 46.13,
        'wind': 97.29,
      }),
      'source': 'amm.org.gt',
      'sourceType': <EventSourceType.measured: 'measured'>,
      'storage': dict({
      }),
      'zoneKey': 'GT',
    }),
    dict({
      'correctedModes': list([
      ]),
      'datetime': datetime.datetime(2023, 7, 16, 15, 0, tzinfo=datetime.timezone.utc),
      'production': dict({
        'biomass': 0.2,
        'coal': 507.28,
        'gas': 0,
        'geothermal': 31.48,
        'hydro': 581.02,
        'oil': 25.83,
        'solar': 67.54,
        'wind': 79.35,
      }),
      'source': 'amm.org.gt',
      'sourceType': <EventSourceType.measured: 'measured'>,
      'storage': dict({
      }),
      'zoneKey': 'GT',
    }),
    dict({
      'correctedModes': list([
      ]),
      'datetime': datetime.datetime(2023, 7, 16, 16, 0, tzinfo=datetime.timezone.utc),
      'production': dict({
        'biomass': 0.2,
        'coal': 472.48,
        'gas': 0,
        'geothermal': 30.83,
        'hydro': 676.88,
        'oil': 25.77,
        'solar': 82.04,
        'wind': 70.76,
      }),
      'source': 'amm.org.gt',
      'sourceType': <EventSourceType.measured: 'measured'>,
      'storage': dict({
      }),
      'zoneKey': 'GT',
    }),
    dict({
      'correctedModes': list([
      ]),
      'datetime': datetime.datetime(2023, 7, 16, 17, 0, tzinfo=datetime.timezone.utc),
      'production': dict({
        'biomass': 0.2,
        'coal': 463.86,
        'gas': 0,
        'geothermal': 31.28,
        'hydro': 689.19,
        'oil': 27.72,
        'solar': 79.66,
        'wind': 70.43,
      }),
      'source': 'amm.org.gt',
      'sourceType': <EventSourceType.measured: 'measured'>,
      'storage': dict({
      }),
      'zoneKey': 'GT',
    }),
    dict({
      'correctedModes': list([
      ]),
      'datetime': datetime.datetime(2023, 7, 16, 18, 0, tzinfo=datetime.timezone.utc),
      'production': dict({
        'biomass': 0.2,
        'coal': 459.65,
        'gas': 0,
        'geothermal': 24.62,
        'hydro': 734.48,
        'oil': 25.51,
        'solar': 42.05,
        'wind': 52.98,
      }),
      'source': 'amm.org.gt',
      'sourceType': <EventSourceType.measured: 'measured'>,
      'storage': dict({
      }),
      'zoneKey': 'GT',
    }),
    dict({
      'correctedModes': list([
      ]),
      'datetime': datetime.datetime(2023, 7, 16, 19, 0, tzinfo=datetime.timezone.utc),
      'production': dict({
        'biomass': 0.2,
        'coal': 465.05,
        'gas': 0,
        'geothermal': 30.89,
        'hydro': 711.11,
        'oil': 63.44,
        'solar': 17.4,
        'wind': 44.74,
      }),
      'source': 'amm.org.gt',
      'sourceType': <EventSourceType.measured: 'measured'>,
      'storage': dict({
      }),
      'zoneKey': 'GT',
    }),
    dict({
      'correctedModes': list([
      ]),
      'datetime': datetime.datetime(2023, 7, 16, 20, 0, tzinfo=datetime.timezone.utc),
      'production': dict({
        'biomass': 0.2,
        'coal': 553.4,
        'gas': 0,
        'geothermal': 31.09,
        'hydro': 705.38,
        'oil': 24,
        'solar': 4.46,
        'wind': 26.51,
      }),
      'source': 'amm.org.gt',
      'sourceType': <EventSourceType.measured: 'measured'>,
      'storage': dict({
      }),
      'zoneKey': 'GT',
    }),
    dict({
      'correctedModes': list([
      ]),
      'datetime': datetime.datetime(2023, 7, 16, 21, 0, tzinfo=datetime.timezone.utc),
      'production': dict({
        'biomass': 0.2,
        'coal': 579.5,
        'gas': 0,
        'geothermal': 31.78,
        'hydro': 774.33,
        'oil': 105.65,
        'solar': 0.75,
        'wind': 27.53,
      }),
      'source': 'amm.org.gt',
      'sourceType': <EventSourceType.measured: 'measured'>,
      'storage': dict({
      }),
      'zoneKey': 'GT',
    }),
    dict({
      'correctedModes': list([
      ]),
      'datetime': datetime.datetime(2023, 7, 16, 22, 0, tzinfo=datetime.timezone.utc),
      'production': dict({
        'biomass': 0,
        'coal': 625.5,
        'gas': 0,
        'geothermal': 31.93,
        'hydro': 642.9,
        'oil': 228.3,
        'solar': 0,
        'wind': 16.07,
      }),
      'source': 'amm.org.gt',
      'sourceType': <EventSourceType.measured: 'measured'>,
      'storage': dict({
      }),
      'zoneKey': 'GT',
    }),
    dict({
      'correctedModes': list([
      ]),
      'datetime': datetime.datetime(2023, 7, 16, 23, 0, tzinfo=datetime.timezone.utc),
      'production': dict({
        'biomass': 0,
        'coal': 612.3,
        'gas': 0,
        'geothermal': 32.09,
        'hydro': 673.49,
        'oil': 178.9,
        'solar': 0,
        'wind': 16.16,
      }),
      'source': 'amm.org.gt',
      'sourceType': <EventSourceType.measured: 'measured'>,
      'storage': dict({
      }),
      'zoneKey': 'GT',
    }),
  ])
# ---
# name: test_fetch_production_live
  list([
    dict({
      'correctedModes': list([
      ]),
      'datetime': FakeDatetime(2024, 4, 10, 0, 0, tzinfo=datetime.timezone.utc),
      'production': dict({
        'biomass': 320.97,
        'coal': 476.04,
        'gas': 2.45,
        'geothermal': 32,
        'hydro': 671.14,
        'oil': 359.01,
        'solar': 0,
        'unknown': 168.73,
        'wind': 25.72,
      }),
      'source': 'amm.org.gt',
      'sourceType': <EventSourceType.measured: 'measured'>,
      'storage': dict({
      }),
      'zoneKey': 'GT',
    }),
    dict({
      'correctedModes': list([
      ]),
      'datetime': FakeDatetime(2024, 4, 10, 1, 0, tzinfo=datetime.timezone.utc),
      'production': dict({
        'biomass': 323.26,
        'coal': 476.91,
        'gas': 11.53,
        'geothermal': 31.96,
        'hydro': 628.87,
        'oil': 323.92,
        'solar': 0,
        'unknown': 168.83,
        'wind': 27.03,
      }),
      'source': 'amm.org.gt',
      'sourceType': <EventSourceType.measured: 'measured'>,
      'storage': dict({
      }),
      'zoneKey': 'GT',
    }),
    dict({
      'correctedModes': list([
      ]),
      'datetime': FakeDatetime(2024, 4, 10, 2, 0, tzinfo=datetime.timezone.utc),
      'production': dict({
        'biomass': 316.96,
        'coal': 476.78,
        'gas': 13,
        'geothermal': 32.28,
        'hydro': 624.92,
        'oil': 324.23,
        'solar': 0,
        'unknown': 169.17,
        'wind': 14.99,
      }),
      'source': 'amm.org.gt',
      'sourceType': <EventSourceType.measured: 'measured'>,
      'storage': dict({
      }),
      'zoneKey': 'GT',
    }),
    dict({
      'correctedModes': list([
      ]),
      'datetime': FakeDatetime(2024, 4, 10, 3, 0, tzinfo=datetime.timezone.utc),
      'production': dict({
        'biomass': 322.07,
        'coal': 476.24,
        'gas': 14.43,
        'geothermal': 32.22,
        'hydro': 460.45,
        'oil': 322.46,
        'solar': 0,
        'unknown': 162.81,
        'wind': 5.04,
      }),
      'source': 'amm.org.gt',
      'sourceType': <EventSourceType.measured: 'measured'>,
      'storage': dict({
      }),
      'zoneKey': 'GT',
    }),
    dict({
      'correctedModes': list([
      ]),
      'datetime': FakeDatetime(2024, 4, 10, 4, 0, tzinfo=datetime.timezone.utc),
      'production': dict({
        'biomass': 313.16,
        'coal': 475.63,
        'gas': 14.38,
        'geothermal': 32.53,
        'hydro': 304.46,
        'oil': 348.93,
        'solar': 0,
        'unknown': 167.54,
        'wind': 2.46,
      }),
      'source': 'amm.org.gt',
      'sourceType': <EventSourceType.measured: 'measured'>,
      'storage': dict({
      }),
      'zoneKey': 'GT',
    }),
    dict({
      'correctedModes': list([
      ]),
      'datetime': FakeDatetime(2024, 4, 10, 5, 0, tzinfo=datetime.timezone.utc),
      'production': dict({
        'biomass': 314.84,
        'coal': 476.17,
        'gas': 14.46,
        'geothermal': 32.79,
        'hydro': 211.5,
        'oil': 274.99,
        'solar': 0,
        'unknown': 167.03,
        'wind': 1.86,
      }),
      'source': 'amm.org.gt',
      'sourceType': <EventSourceType.measured: 'measured'>,
      'storage': dict({
      }),
      'zoneKey': 'GT',
    }),
    dict({
      'correctedModes': list([
      ]),
      'datetime': FakeDatetime(2024, 4, 10, 6, 0, tzinfo=datetime.timezone.utc),
      'production': dict({
        'biomass': 309.27,
        'coal': 474.33,
        'gas': 14.43,
        'geothermal': 32.77,
        'hydro': 172.63,
        'oil': 199.04,
        'solar': 0,
        'unknown': 169.6,
        'wind': 1.32,
      }),
      'source': 'amm.org.gt',
      'sourceType': <EventSourceType.measured: 'measured'>,
      'storage': dict({
      }),
      'zoneKey': 'GT',
    }),
    dict({
      'correctedModes': list([
      ]),
      'datetime': FakeDatetime(2024, 4, 10, 7, 0, tzinfo=datetime.timezone.utc),
      'production': dict({
        'biomass': 313.72,
        'coal': 475.38,
        'gas': 2,
        'geothermal': 32.82,
        'hydro': 115.6,
        'oil': 170.97,
        'solar': 0,
        'unknown': 166.76,
        'wind': 4.56,
      }),
      'source': 'amm.org.gt',
      'sourceType': <EventSourceType.measured: 'measured'>,
      'storage': dict({
      }),
      'zoneKey': 'GT',
    }),
    dict({
      'correctedModes': list([
      ]),
      'datetime': FakeDatetime(2024, 4, 10, 8, 0, tzinfo=datetime.timezone.utc),
      'production': dict({
        'biomass': 308.08,
        'coal': 475.22,
        'gas': 11.9,
        'geothermal': 32.99,
        'hydro': 108.85,
        'oil': 150.89,
        'solar': 0,
        'unknown': 170,
        'wind': 3.69,
      }),
      'source': 'amm.org.gt',
      'sourceType': <EventSourceType.measured: 'measured'>,
      'storage': dict({
      }),
      'zoneKey': 'GT',
    }),
    dict({
      'correctedModes': list([
      ]),
      'datetime': FakeDatetime(2024, 4, 10, 9, 0, tzinfo=datetime.timezone.utc),
      'production': dict({
        'biomass': 308.41,
        'coal': 475.56,
        'gas': 11.92,
        'geothermal': 33.34,
        'hydro': 92.28,
        'oil': 188.95,
        'solar': 0,
        'unknown': 168.15,
        'wind': 0.06,
      }),
      'source': 'amm.org.gt',
      'sourceType': <EventSourceType.measured: 'measured'>,
      'storage': dict({
      }),
      'zoneKey': 'GT',
    }),
    dict({
      'correctedModes': list([
      ]),
      'datetime': FakeDatetime(2024, 4, 10, 10, 0, tzinfo=datetime.timezone.utc),
      'production': dict({
        'biomass': 307.72,
        'coal': 476.54,
        'gas': 13.28,
        'geothermal': 32.7,
        'hydro': 193.68,
        'oil': 133.98,
        'solar': 0,
        'unknown': 169.06,
        'wind': 0,
      }),
      'source': 'amm.org.gt',
      'sourceType': <EventSourceType.measured: 'measured'>,
      'storage': dict({
      }),
      'zoneKey': 'GT',
    }),
    dict({
      'correctedModes': list([
      ]),
      'datetime': FakeDatetime(2024, 4, 10, 11, 0, tzinfo=datetime.timezone.utc),
      'production': dict({
        'biomass': 304.24,
        'coal': 476.7,
        'gas': 15.386,
        'geothermal': 35.449,
        'hydro': 256.285,
        'oil': 209.18,
        'solar': 0,
        'unknown': 166.4,
        'wind': 1.52,
      }),
      'source': 'amm.org.gt',
      'sourceType': <EventSourceType.measured: 'measured'>,
      'storage': dict({
      }),
      'zoneKey': 'GT',
    }),
  ])
# ---
