# serializer version: 1
# name: test_production
  list([
    dict({
      'capacity': dict({
        'biomass': 60.7,
        'coal': 13108.6,
        'gas': 17871.300000000003,
        'geothermal': 7.2,
        'hydro': 2123.8999999999996,
        'nuclear': 951.0,
        'oil': 1591.9,
        'solar': 14053.699999999999,
        'unknown': 631.4,
        'wind': 2873.8,
      }),
      'correctedModes': list([
      ]),
      'datetime': datetime.datetime(2025, 5, 14, 15, 30, tzinfo=zoneinfo.ZoneInfo(key='Asia/Taipei')),
      'production': dict({
        'biomass': 31.9,
        'coal': 8637.7,
        'gas': 15355.7,
        'geothermal': 2.3,
        'hydro': 1157.9,
        'nuclear': 841.4,
        'oil': 419.8,
        'solar': 6775.989,
        'unknown': 1791.3,
        'wind': 181.9,
      }),
      'source': 'taipower.com.tw',
      'sourceType': <EventSourceType.measured: 'measured'>,
      'storage': dict({
        'battery': 5.2,
        'hydro': 474.0,
      }),
      'zoneKey': 'TW',
    }),
  ])
# ---
