# serializer version: 1
# name: test_fetch_exchange_live
  list([
    dict({
      'datetime': FakeDatetime(2024, 1, 1, 6, 0, tzinfo=zoneinfo.ZoneInfo(key='America/Costa_Rica')),
      'netFlow': 31.558895,
      'sortedZoneKeys': 'CR->PA',
      'source': 'enteoperador.org',
      'sourceType': <EventSourceType.measured: 'measured'>,
    }),
  ])
# ---
# name: test_fetch_production_historical
  list([
    dict({
      'correctedModes': list([
      ]),
      'datetime': datetime.datetime(2021, 7, 16, 0, 0, tzinfo=zoneinfo.ZoneInfo(key='America/Costa_Rica')),
      'production': dict({
        'biomass': 0,
        'geothermal': 168.011,
        'hydro': 710.031815,
        'oil': 0,
        'solar': 0,
        'wind': 334.802279,
      }),
      'source': 'grupoice.com',
      'sourceType': <EventSourceType.measured: 'measured'>,
      'storage': dict({
      }),
      'zoneKey': 'CR',
    }),
    dict({
      'correctedModes': list([
      ]),
      'datetime': datetime.datetime(2021, 7, 16, 1, 0, tzinfo=zoneinfo.ZoneInfo(key='America/Costa_Rica')),
      'production': dict({
        'biomass': 0,
        'geothermal': 168.35425,
        'hydro': 671.606827,
        'oil': 0,
        'solar': 0,
        'wind': 332.136786,
      }),
      'source': 'grupoice.com',
      'sourceType': <EventSourceType.measured: 'measured'>,
      'storage': dict({
      }),
      'zoneKey': 'CR',
    }),
    dict({
      'correctedModes': list([
      ]),
      'datetime': datetime.datetime(2021, 7, 16, 2, 0, tzinfo=zoneinfo.ZoneInfo(key='America/Costa_Rica')),
      'production': dict({
        'biomass': 0,
        'geothermal': 168.19325,
        'hydro': 642.654386,
        'oil': 0,
        'solar': 0,
        'wind': 337.517291,
      }),
      'source': 'grupoice.com',
      'sourceType': <EventSourceType.measured: 'measured'>,
      'storage': dict({
      }),
      'zoneKey': 'CR',
    }),
    dict({
      'correctedModes': list([
      ]),
      'datetime': datetime.datetime(2021, 7, 16, 3, 0, tzinfo=zoneinfo.ZoneInfo(key='America/Costa_Rica')),
      'production': dict({
        'biomass': 0,
        'geothermal': 168.36525,
        'hydro': 654.120858,
        'oil': 0,
        'solar': 0,
        'wind': 338.254346,
      }),
      'source': 'grupoice.com',
      'sourceType': <EventSourceType.measured: 'measured'>,
      'storage': dict({
      }),
      'zoneKey': 'CR',
    }),
    dict({
      'correctedModes': list([
      ]),
      'datetime': datetime.datetime(2021, 7, 16, 4, 0, tzinfo=zoneinfo.ZoneInfo(key='America/Costa_Rica')),
      'production': dict({
        'biomass': 0,
        'geothermal': 168.0705,
        'hydro': 728.076578,
        'oil': 0,
        'solar': 0,
        'wind': 327.121795,
      }),
      'source': 'grupoice.com',
      'sourceType': <EventSourceType.measured: 'measured'>,
      'storage': dict({
      }),
      'zoneKey': 'CR',
    }),
    dict({
      'correctedModes': list([
      ]),
      'datetime': datetime.datetime(2021, 7, 16, 5, 0, tzinfo=zoneinfo.ZoneInfo(key='America/Costa_Rica')),
      'production': dict({
        'biomass': 0,
        'geothermal': 168.2905,
        'hydro': 805.379219,
        'oil': 0,
        'solar': 0.03825,
        'wind': 319.604019,
      }),
      'source': 'grupoice.com',
      'sourceType': <EventSourceType.measured: 'measured'>,
      'storage': dict({
      }),
      'zoneKey': 'CR',
    }),
    dict({
      'correctedModes': list([
      ]),
      'datetime': datetime.datetime(2021, 7, 16, 6, 0, tzinfo=zoneinfo.ZoneInfo(key='America/Costa_Rica')),
      'production': dict({
        'biomass': 0,
        'geothermal': 167.92225,
        'hydro': 919.290978,
        'oil': 0,
        'solar': 0.4083,
        'wind': 311.209597,
      }),
      'source': 'grupoice.com',
      'sourceType': <EventSourceType.measured: 'measured'>,
      'storage': dict({
      }),
      'zoneKey': 'CR',
    }),
    dict({
      'correctedModes': list([
      ]),
      'datetime': datetime.datetime(2021, 7, 16, 7, 0, tzinfo=zoneinfo.ZoneInfo(key='America/Costa_Rica')),
      'production': dict({
        'biomass': 0,
        'geothermal': 167.72475,
        'hydro': 1063.47016,
        'oil': 0,
        'solar': 1.3898,
        'wind': 288.96851,
      }),
      'source': 'grupoice.com',
      'sourceType': <EventSourceType.measured: 'measured'>,
      'storage': dict({
      }),
      'zoneKey': 'CR',
    }),
    dict({
      'correctedModes': list([
      ]),
      'datetime': datetime.datetime(2021, 7, 16, 8, 0, tzinfo=zoneinfo.ZoneInfo(key='America/Costa_Rica')),
      'production': dict({
        'biomass': 0,
        'geothermal': 163.49575,
        'hydro': 1125.532559,
        'oil': 0,
        'solar': 2.4539,
        'wind': 290.699937,
      }),
      'source': 'grupoice.com',
      'sourceType': <EventSourceType.measured: 'measured'>,
      'storage': dict({
      }),
      'zoneKey': 'CR',
    }),
    dict({
      'correctedModes': list([
      ]),
      'datetime': datetime.datetime(2021, 7, 16, 9, 0, tzinfo=zoneinfo.ZoneInfo(key='America/Costa_Rica')),
      'production': dict({
        'biomass': 0,
        'geothermal': 163.08975,
        'hydro': 1163.08957,
        'oil': 0,
        'solar': 3.2615,
        'wind': 287.02421,
      }),
      'source': 'grupoice.com',
      'sourceType': <EventSourceType.measured: 'measured'>,
      'storage': dict({
      }),
      'zoneKey': 'CR',
    }),
    dict({
      'correctedModes': list([
      ]),
      'datetime': datetime.datetime(2021, 7, 16, 10, 0, tzinfo=zoneinfo.ZoneInfo(key='America/Costa_Rica')),
      'production': dict({
        'biomass': 0,
        'geothermal': 162.4095,
        'hydro': 1198.050065,
        'oil': 0,
        'solar': 3.78245,
        'wind': 290.167949,
      }),
      'source': 'grupoice.com',
      'sourceType': <EventSourceType.measured: 'measured'>,
      'storage': dict({
      }),
      'zoneKey': 'CR',
    }),
    dict({
      'correctedModes': list([
      ]),
      'datetime': datetime.datetime(2021, 7, 16, 11, 0, tzinfo=zoneinfo.ZoneInfo(key='America/Costa_Rica')),
      'production': dict({
        'biomass': 0,
        'geothermal': 162.16075,
        'hydro': 1265.214676,
        'oil': 0,
        'solar': 3.82235,
        'wind': 298.560845,
      }),
      'source': 'grupoice.com',
      'sourceType': <EventSourceType.measured: 'measured'>,
      'storage': dict({
      }),
      'zoneKey': 'CR',
    }),
    dict({
      'correctedModes': list([
      ]),
      'datetime': datetime.datetime(2021, 7, 16, 12, 0, tzinfo=zoneinfo.ZoneInfo(key='America/Costa_Rica')),
      'production': dict({
        'biomass': 0,
        'geothermal': 161.54296,
        'hydro': 1255.42204,
        'oil': 0,
        'solar': 3.94295,
        'wind': 310.860435,
      }),
      'source': 'grupoice.com',
      'sourceType': <EventSourceType.measured: 'measured'>,
      'storage': dict({
      }),
      'zoneKey': 'CR',
    }),
    dict({
      'correctedModes': list([
      ]),
      'datetime': datetime.datetime(2021, 7, 16, 13, 0, tzinfo=zoneinfo.ZoneInfo(key='America/Costa_Rica')),
      'production': dict({
        'biomass': 0,
        'geothermal': 161.51563,
        'hydro': 1229.338198,
        'oil': 0,
        'solar': 3.6128,
        'wind': 303.83357,
      }),
      'source': 'grupoice.com',
      'sourceType': <EventSourceType.measured: 'measured'>,
      'storage': dict({
      }),
      'zoneKey': 'CR',
    }),
    dict({
      'correctedModes': list([
      ]),
      'datetime': datetime.datetime(2021, 7, 16, 14, 0, tzinfo=zoneinfo.ZoneInfo(key='America/Costa_Rica')),
      'production': dict({
        'biomass': 0,
        'geothermal': 161.64274,
        'hydro': 1228.071012,
        'oil': 0,
        'solar': 2.94125,
        'wind': 283.926575,
      }),
      'source': 'grupoice.com',
      'sourceType': <EventSourceType.measured: 'measured'>,
      'storage': dict({
      }),
      'zoneKey': 'CR',
    }),
    dict({
      'correctedModes': list([
      ]),
      'datetime': datetime.datetime(2021, 7, 16, 15, 0, tzinfo=zoneinfo.ZoneInfo(key='America/Costa_Rica')),
      'production': dict({
        'biomass': 0,
        'geothermal': 164.44255,
        'hydro': 1217.368787,
        'oil': 0,
        'solar': 2.0057,
        'wind': 268.341069,
      }),
      'source': 'grupoice.com',
      'sourceType': <EventSourceType.measured: 'measured'>,
      'storage': dict({
      }),
      'zoneKey': 'CR',
    }),
    dict({
      'correctedModes': list([
      ]),
      'datetime': datetime.datetime(2021, 7, 16, 16, 0, tzinfo=zoneinfo.ZoneInfo(key='America/Costa_Rica')),
      'production': dict({
        'biomass': 0,
        'geothermal': 166.075,
        'hydro': 1204.84709,
        'oil': 0,
        'solar': 0.9573,
        'wind': 248.79655,
      }),
      'source': 'grupoice.com',
      'sourceType': <EventSourceType.measured: 'measured'>,
      'storage': dict({
      }),
      'zoneKey': 'CR',
    }),
    dict({
      'correctedModes': list([
      ]),
      'datetime': datetime.datetime(2021, 7, 16, 17, 0, tzinfo=zoneinfo.ZoneInfo(key='America/Costa_Rica')),
      'production': dict({
        'biomass': 0,
        'geothermal': 166.22884,
        'hydro': 1138.826491,
        'oil': 0,
        'solar': 0.1984,
        'wind': 242.765609,
      }),
      'source': 'grupoice.com',
      'sourceType': <EventSourceType.measured: 'measured'>,
      'storage': dict({
      }),
      'zoneKey': 'CR',
    }),
    dict({
      'correctedModes': list([
      ]),
      'datetime': datetime.datetime(2021, 7, 16, 18, 0, tzinfo=zoneinfo.ZoneInfo(key='America/Costa_Rica')),
      'production': dict({
        'biomass': 0,
        'geothermal': 166.97141,
        'hydro': 1284.569501,
        'oil': 0,
        'solar': 0,
        'wind': 251.480158,
      }),
      'source': 'grupoice.com',
      'sourceType': <EventSourceType.measured: 'measured'>,
      'storage': dict({
      }),
      'zoneKey': 'CR',
    }),
    dict({
      'correctedModes': list([
      ]),
      'datetime': datetime.datetime(2021, 7, 16, 19, 0, tzinfo=zoneinfo.ZoneInfo(key='America/Costa_Rica')),
      'production': dict({
        'biomass': 0,
        'geothermal': 166.88659,
        'hydro': 1307.562202,
        'oil': 0,
        'solar': 0,
        'wind': 254.715687,
      }),
      'source': 'grupoice.com',
      'sourceType': <EventSourceType.measured: 'measured'>,
      'storage': dict({
      }),
      'zoneKey': 'CR',
    }),
    dict({
      'correctedModes': list([
      ]),
      'datetime': datetime.datetime(2021, 7, 16, 20, 0, tzinfo=zoneinfo.ZoneInfo(key='America/Costa_Rica')),
      'production': dict({
        'biomass': 0,
        'geothermal': 166.79794,
        'hydro': 1215.979283,
        'oil': 0,
        'solar': 0,
        'wind': 266.851227,
      }),
      'source': 'grupoice.com',
      'sourceType': <EventSourceType.measured: 'measured'>,
      'storage': dict({
      }),
      'zoneKey': 'CR',
    }),
    dict({
      'correctedModes': list([
      ]),
      'datetime': datetime.datetime(2021, 7, 16, 21, 0, tzinfo=zoneinfo.ZoneInfo(key='America/Costa_Rica')),
      'production': dict({
        'biomass': 0,
        'geothermal': 167.27209,
        'hydro': 1115.813374,
        'oil': 0,
        'solar': 0,
        'wind': 276.952469,
      }),
      'source': 'grupoice.com',
      'sourceType': <EventSourceType.measured: 'measured'>,
      'storage': dict({
      }),
      'zoneKey': 'CR',
    }),
    dict({
      'correctedModes': list([
      ]),
      'datetime': datetime.datetime(2021, 7, 16, 22, 0, tzinfo=zoneinfo.ZoneInfo(key='America/Costa_Rica')),
      'production': dict({
        'biomass': 0,
        'geothermal': 167.35488,
        'hydro': 981.438874,
        'oil': 0,
        'solar': 0,
        'wind': 276.439225,
      }),
      'source': 'grupoice.com',
      'sourceType': <EventSourceType.measured: 'measured'>,
      'storage': dict({
      }),
      'zoneKey': 'CR',
    }),
    dict({
      'correctedModes': list([
      ]),
      'datetime': datetime.datetime(2021, 7, 16, 23, 0, tzinfo=zoneinfo.ZoneInfo(key='America/Costa_Rica')),
      'production': dict({
        'biomass': 0,
        'geothermal': 167.41837,
        'hydro': 860.750772,
        'oil': 0,
        'solar': 0,
        'wind': 284.758908,
      }),
      'source': 'grupoice.com',
      'sourceType': <EventSourceType.measured: 'measured'>,
      'storage': dict({
      }),
      'zoneKey': 'CR',
    }),
  ])
# ---
# name: test_fetch_production_live
  list([
    dict({
      'correctedModes': list([
      ]),
      'datetime': FakeDatetime(2024, 1, 1, 0, 0, tzinfo=zoneinfo.ZoneInfo(key='America/Costa_Rica')),
      'production': dict({
        'biomass': 18.577759,
        'geothermal': 163.33713,
        'hydro': 700.748489,
        'oil': 0,
        'solar': 0,
        'wind': 296.452908,
      }),
      'source': 'grupoice.com',
      'sourceType': <EventSourceType.measured: 'measured'>,
      'storage': dict({
      }),
      'zoneKey': 'CR',
    }),
    dict({
      'correctedModes': list([
      ]),
      'datetime': FakeDatetime(2024, 1, 1, 1, 0, tzinfo=zoneinfo.ZoneInfo(key='America/Costa_Rica')),
      'production': dict({
        'biomass': 18.789446,
        'geothermal': 163.38237,
        'hydro': 666.709517,
        'oil': 0,
        'solar': 0,
        'wind': 296.853684,
      }),
      'source': 'grupoice.com',
      'sourceType': <EventSourceType.measured: 'measured'>,
      'storage': dict({
      }),
      'zoneKey': 'CR',
    }),
    dict({
      'correctedModes': list([
      ]),
      'datetime': FakeDatetime(2024, 1, 1, 2, 0, tzinfo=zoneinfo.ZoneInfo(key='America/Costa_Rica')),
      'production': dict({
        'biomass': 17.598135,
        'geothermal': 163.33988,
        'hydro': 614.980704,
        'oil': 0,
        'solar': 0,
        'wind': 299.250986,
      }),
      'source': 'grupoice.com',
      'sourceType': <EventSourceType.measured: 'measured'>,
      'storage': dict({
      }),
      'zoneKey': 'CR',
    }),
    dict({
      'correctedModes': list([
      ]),
      'datetime': FakeDatetime(2024, 1, 1, 3, 0, tzinfo=zoneinfo.ZoneInfo(key='America/Costa_Rica')),
      'production': dict({
        'biomass': 18.7675,
        'geothermal': 163.34475,
        'hydro': 595.174588,
        'oil': 0,
        'solar': 0,
        'wind': 294.168876,
      }),
      'source': 'grupoice.com',
      'sourceType': <EventSourceType.measured: 'measured'>,
      'storage': dict({
      }),
      'zoneKey': 'CR',
    }),
    dict({
      'correctedModes': list([
      ]),
      'datetime': FakeDatetime(2024, 1, 1, 4, 0, tzinfo=zoneinfo.ZoneInfo(key='America/Costa_Rica')),
      'production': dict({
        'biomass': 19.72423,
        'geothermal': 163.22813,
        'hydro': 582.778563,
        'oil': 0,
        'solar': 0,
        'wind': 297.101491,
      }),
      'source': 'grupoice.com',
      'sourceType': <EventSourceType.measured: 'measured'>,
      'storage': dict({
      }),
      'zoneKey': 'CR',
    }),
    dict({
      'correctedModes': list([
      ]),
      'datetime': FakeDatetime(2024, 1, 1, 5, 0, tzinfo=zoneinfo.ZoneInfo(key='America/Costa_Rica')),
      'production': dict({
        'biomass': 18.552462,
        'geothermal': 163.23762,
        'hydro': 555.405806,
        'oil': 0,
        'solar': 0,
        'wind': 302.040768,
      }),
      'source': 'grupoice.com',
      'sourceType': <EventSourceType.measured: 'measured'>,
      'storage': dict({
      }),
      'zoneKey': 'CR',
    }),
    dict({
      'correctedModes': list([
      ]),
      'datetime': FakeDatetime(2024, 1, 1, 6, 0, tzinfo=zoneinfo.ZoneInfo(key='America/Costa_Rica')),
      'production': dict({
        'biomass': 18.982145,
        'geothermal': 163.29175,
        'hydro': 492.447345,
        'oil': 0,
        'solar': 0.2388,
        'wind': 288.287073,
      }),
      'source': 'grupoice.com',
      'sourceType': <EventSourceType.measured: 'measured'>,
      'storage': dict({
      }),
      'zoneKey': 'CR',
    }),
    dict({
      'correctedModes': list([
      ]),
      'datetime': FakeDatetime(2024, 1, 1, 7, 0, tzinfo=zoneinfo.ZoneInfo(key='America/Costa_Rica')),
      'production': dict({
        'biomass': 18.960933,
        'geothermal': 163.19012,
        'hydro': 537.70388,
        'oil': 0,
        'solar': 1.46,
        'wind': 259.991192,
      }),
      'source': 'grupoice.com',
      'sourceType': <EventSourceType.measured: 'measured'>,
      'storage': dict({
      }),
      'zoneKey': 'CR',
    }),
    dict({
      'correctedModes': list([
      ]),
      'datetime': FakeDatetime(2024, 1, 1, 8, 0, tzinfo=zoneinfo.ZoneInfo(key='America/Costa_Rica')),
      'production': dict({
        'biomass': 20.670307,
        'geothermal': 163.096,
        'hydro': 595.46407,
        'oil': 0,
        'solar': 2.2996,
        'wind': 275.683921,
      }),
      'source': 'grupoice.com',
      'sourceType': <EventSourceType.measured: 'measured'>,
      'storage': dict({
      }),
      'zoneKey': 'CR',
    }),
    dict({
      'correctedModes': list([
      ]),
      'datetime': FakeDatetime(2024, 1, 1, 9, 0, tzinfo=zoneinfo.ZoneInfo(key='America/Costa_Rica')),
      'production': dict({
        'biomass': 21.566067,
        'geothermal': 162.88225,
        'hydro': 653.719449,
        'oil': 0,
        'solar': 2.6147,
        'wind': 303.409412,
      }),
      'source': 'grupoice.com',
      'sourceType': <EventSourceType.measured: 'measured'>,
      'storage': dict({
      }),
      'zoneKey': 'CR',
    }),
    dict({
      'correctedModes': list([
      ]),
      'datetime': FakeDatetime(2024, 1, 1, 10, 0, tzinfo=zoneinfo.ZoneInfo(key='America/Costa_Rica')),
      'production': dict({
        'biomass': 21.159958,
        'geothermal': 163.17313,
        'hydro': 747.766433,
        'oil': 0,
        'solar': 3.6059,
        'wind': 305.820401,
      }),
      'source': 'grupoice.com',
      'sourceType': <EventSourceType.measured: 'measured'>,
      'storage': dict({
      }),
      'zoneKey': 'CR',
    }),
    dict({
      'correctedModes': list([
      ]),
      'datetime': FakeDatetime(2024, 1, 1, 11, 0, tzinfo=zoneinfo.ZoneInfo(key='America/Costa_Rica')),
      'production': dict({
        'biomass': 21.016447,
        'geothermal': 162.90987,
        'hydro': 830.002135,
        'oil': 0,
        'solar': 3.8355,
        'wind': 310.596043,
      }),
      'source': 'grupoice.com',
      'sourceType': <EventSourceType.measured: 'measured'>,
      'storage': dict({
      }),
      'zoneKey': 'CR',
    }),
    dict({
      'correctedModes': list([
      ]),
      'datetime': FakeDatetime(2024, 1, 1, 12, 0, tzinfo=zoneinfo.ZoneInfo(key='America/Costa_Rica')),
      'production': dict({
        'biomass': 20.474445,
        'geothermal': 162.81538,
        'hydro': 896.183148,
        'oil': 0,
        'solar': 3.4247,
        'wind': 303.005786,
      }),
      'source': 'grupoice.com',
      'sourceType': <EventSourceType.measured: 'measured'>,
      'storage': dict({
      }),
      'zoneKey': 'CR',
    }),
    dict({
      'correctedModes': list([
      ]),
      'datetime': FakeDatetime(2024, 1, 1, 13, 0, tzinfo=zoneinfo.ZoneInfo(key='America/Costa_Rica')),
      'production': dict({
        'biomass': 19.395496,
        'geothermal': 162.82875,
        'hydro': 898.916769,
        'oil': 0,
        'solar': 3.408,
        'wind': 283.384246,
      }),
      'source': 'grupoice.com',
      'sourceType': <EventSourceType.measured: 'measured'>,
      'storage': dict({
      }),
      'zoneKey': 'CR',
    }),
    dict({
      'correctedModes': list([
      ]),
      'datetime': FakeDatetime(2024, 1, 1, 14, 0, tzinfo=zoneinfo.ZoneInfo(key='America/Costa_Rica')),
      'production': dict({
        'biomass': 19.245838,
        'geothermal': 162.66712,
        'hydro': 925.985949,
        'oil': 0,
        'solar': 2.8063,
        'wind': 271.445285,
      }),
      'source': 'grupoice.com',
      'sourceType': <EventSourceType.measured: 'measured'>,
      'storage': dict({
      }),
      'zoneKey': 'CR',
    }),
    dict({
      'correctedModes': list([
      ]),
      'datetime': FakeDatetime(2024, 1, 1, 15, 0, tzinfo=zoneinfo.ZoneInfo(key='America/Costa_Rica')),
      'production': dict({
        'biomass': 20.083724,
        'geothermal': 162.87925,
        'hydro': 906.291611,
        'oil': 0,
        'solar': 1.9453,
        'wind': 279.865412,
      }),
      'source': 'grupoice.com',
      'sourceType': <EventSourceType.measured: 'measured'>,
      'storage': dict({
      }),
      'zoneKey': 'CR',
    }),
    dict({
      'correctedModes': list([
      ]),
      'datetime': FakeDatetime(2024, 1, 1, 16, 0, tzinfo=zoneinfo.ZoneInfo(key='America/Costa_Rica')),
      'production': dict({
        'biomass': 19.78922,
        'geothermal': 162.96538,
        'hydro': 889.61046,
        'oil': 0,
        'solar': 0.8122,
        'wind': 281.610696,
      }),
      'source': 'grupoice.com',
      'sourceType': <EventSourceType.measured: 'measured'>,
      'storage': dict({
      }),
      'zoneKey': 'CR',
    }),
    dict({
      'correctedModes': list([
      ]),
      'datetime': FakeDatetime(2024, 1, 1, 17, 0, tzinfo=zoneinfo.ZoneInfo(key='America/Costa_Rica')),
      'production': dict({
        'biomass': 19.509736,
        'geothermal': 163.41025,
        'hydro': 908.88272,
        'oil': 0,
        'solar': 0.0433,
        'wind': 287.995122,
      }),
      'source': 'grupoice.com',
      'sourceType': <EventSourceType.measured: 'measured'>,
      'storage': dict({
      }),
      'zoneKey': 'CR',
    }),
    dict({
      'correctedModes': list([
      ]),
      'datetime': FakeDatetime(2024, 1, 1, 18, 0, tzinfo=zoneinfo.ZoneInfo(key='America/Costa_Rica')),
      'production': dict({
        'biomass': 19.820335,
        'geothermal': 163.43262,
        'hydro': 997.760934,
        'oil': 0,
        'solar': 0,
        'wind': 309.167618,
      }),
      'source': 'grupoice.com',
      'sourceType': <EventSourceType.measured: 'measured'>,
      'storage': dict({
      }),
      'zoneKey': 'CR',
    }),
    dict({
      'correctedModes': list([
      ]),
      'datetime': FakeDatetime(2024, 1, 1, 19, 0, tzinfo=zoneinfo.ZoneInfo(key='America/Costa_Rica')),
      'production': dict({
        'biomass': 19.630411,
        'geothermal': 163.43863,
        'hydro': 966.185639,
        'oil': 0,
        'solar': 0,
        'wind': 309.91341,
      }),
      'source': 'grupoice.com',
      'sourceType': <EventSourceType.measured: 'measured'>,
      'storage': dict({
      }),
      'zoneKey': 'CR',
    }),
    dict({
      'correctedModes': list([
      ]),
      'datetime': FakeDatetime(2024, 1, 1, 20, 0, tzinfo=zoneinfo.ZoneInfo(key='America/Costa_Rica')),
      'production': dict({
        'biomass': 19.146717,
        'geothermal': 163.47687,
        'hydro': 936.102628,
        'oil': 0,
        'solar': 0,
        'wind': 313.155425,
      }),
      'source': 'grupoice.com',
      'sourceType': <EventSourceType.measured: 'measured'>,
      'storage': dict({
      }),
      'zoneKey': 'CR',
    }),
    dict({
      'correctedModes': list([
      ]),
      'datetime': FakeDatetime(2024, 1, 1, 21, 0, tzinfo=zoneinfo.ZoneInfo(key='America/Costa_Rica')),
      'production': dict({
        'biomass': 19.258829,
        'geothermal': 163.47188,
        'hydro': 842.532733,
        'oil': 0,
        'solar': 0,
        'wind': 319.285039,
      }),
      'source': 'grupoice.com',
      'sourceType': <EventSourceType.measured: 'measured'>,
      'storage': dict({
      }),
      'zoneKey': 'CR',
    }),
    dict({
      'correctedModes': list([
      ]),
      'datetime': FakeDatetime(2024, 1, 1, 22, 0, tzinfo=zoneinfo.ZoneInfo(key='America/Costa_Rica')),
      'production': dict({
        'biomass': 19.376949,
        'geothermal': 163.38,
        'hydro': 731.800474,
        'oil': 0,
        'solar': 0,
        'wind': 317.338119,
      }),
      'source': 'grupoice.com',
      'sourceType': <EventSourceType.measured: 'measured'>,
      'storage': dict({
      }),
      'zoneKey': 'CR',
    }),
    dict({
      'correctedModes': list([
      ]),
      'datetime': FakeDatetime(2024, 1, 1, 23, 0, tzinfo=zoneinfo.ZoneInfo(key='America/Costa_Rica')),
      'production': dict({
        'biomass': 19.324172,
        'geothermal': 163.37037,
        'hydro': 639.940155,
        'oil': 0,
        'solar': 0,
        'wind': 315.254165,
      }),
      'source': 'grupoice.com',
      'sourceType': <EventSourceType.measured: 'measured'>,
      'storage': dict({
      }),
      'zoneKey': 'CR',
    }),
  ])
# ---
