# serializer version: 1
# name: test_production
  list([
    dict({
      'capacity': dict({
        'biomass': 38.2,
        'coal': 14197.2,
        'gas': 18060.6,
        'geothermal': 7.2,
        'hydro': 2101.9999999999995,
        'nuclear': 1902.0,
        'oil': 1592.5,
        'solar': 11304.099999999999,
        'unknown': 626.9,
        'wind': 1032.4,
      }),
      'correctedModes': list([
      ]),
      'datetime': datetime.datetime(2023, 12, 29, 19, 10, tzinfo=zoneinfo.ZoneInfo(key='Asia/Taipei')),
      'production': dict({
        'biomass': 25.8,
        'coal': 6367.6,
        'gas': 14010.6,
        'geothermal': 2.6,
        'hydro': 458.7,
        'nuclear': 1894.4,
        'oil': 314.5,
        'solar': 0.0,
        'unknown': 1494.6,
        'wind': 1712.7,
      }),
      'source': 'taipower.com.tw',
      'sourceType': <EventSourceType.measured: 'measured'>,
      'storage': dict({
        'hydro': -935.7,
      }),
      'zoneKey': 'TW',
    }),
  ])
# ---
