# serializer version: 1
# name: test_exchanges_AR_BAS_AR_COM
  list([
  ])
# ---
# name: test_exchanges_AR_CL_SEN
  list([
    dict({
      'datetime': datetime.datetime(2023, 8, 30, 2, 45, tzinfo=datetime.timezone(datetime.timedelta(days=-1, seconds=75600))),
      'netFlow': 200.0,
      'sortedZoneKeys': 'AR->CL-SEN',
      'source': 'cammesaweb.cammesa.com',
      'sourceType': <EventSourceType.measured: 'measured'>,
    }),
  ])
# ---
# name: test_fetch_production
  list([
    dict({
      'correctedModes': list([
      ]),
      'datetime': datetime.datetime(2023, 9, 7, 0, 20, tzinfo=datetime.timezone(datetime.timedelta(days=-1, seconds=75600))),
      'production': dict({
        'biomass': 161.85,
        'hydro': 6086.5,
        'nuclear': 1388.4,
        'solar': 0.0,
        'unknown': 7487.1,
        'wind': 2009.54,
      }),
      'source': 'cammesaweb.cammesa.com',
      'sourceType': <EventSourceType.measured: 'measured'>,
      'storage': dict({
      }),
      'zoneKey': 'AR',
    }),
    dict({
      'correctedModes': list([
      ]),
      'datetime': datetime.datetime(2023, 9, 7, 0, 45, tzinfo=datetime.timezone(datetime.timedelta(days=-1, seconds=75600))),
      'production': dict({
        'biomass': 157.2,
        'hydro': 5893.23,
        'nuclear': 1390.4,
        'solar': 0.0,
        'unknown': 7223.0,
        'wind': 1944.1,
      }),
      'source': 'cammesaweb.cammesa.com',
      'sourceType': <EventSourceType.measured: 'measured'>,
      'storage': dict({
      }),
      'zoneKey': 'AR',
    }),
    dict({
      'correctedModes': list([
      ]),
      'datetime': datetime.datetime(2023, 9, 7, 0, 50, tzinfo=datetime.timezone(datetime.timedelta(days=-1, seconds=75600))),
      'production': dict({
        'biomass': 158.55,
        'hydro': 6028.12,
        'nuclear': 1394.0,
        'solar': 0.0,
        'unknown': 7206.0,
        'wind': 1922.51,
      }),
      'source': 'cammesaweb.cammesa.com',
      'sourceType': <EventSourceType.measured: 'measured'>,
      'storage': dict({
      }),
      'zoneKey': 'AR',
    }),
    dict({
      'correctedModes': list([
      ]),
      'datetime': datetime.datetime(2023, 9, 7, 1, 45, tzinfo=datetime.timezone(datetime.timedelta(days=-1, seconds=75600))),
      'production': dict({
        'biomass': 148.3,
        'hydro': 6592.0,
        'nuclear': 1394.6,
        'solar': 0.0,
        'unknown': 6802.2,
        'wind': 1900.64,
      }),
      'source': 'cammesaweb.cammesa.com',
      'sourceType': <EventSourceType.measured: 'measured'>,
      'storage': dict({
      }),
      'zoneKey': 'AR',
    }),
    dict({
      'correctedModes': list([
      ]),
      'datetime': datetime.datetime(2023, 9, 7, 1, 50, tzinfo=datetime.timezone(datetime.timedelta(days=-1, seconds=75600))),
      'production': dict({
        'biomass': 149.74,
        'hydro': 6678.26,
        'nuclear': 1387.0,
        'solar': 0.0,
        'unknown': 6758.0,
        'wind': 1871.5,
      }),
      'source': 'cammesaweb.cammesa.com',
      'sourceType': <EventSourceType.measured: 'measured'>,
      'storage': dict({
      }),
      'zoneKey': 'AR',
    }),
    dict({
      'correctedModes': list([
      ]),
      'datetime': datetime.datetime(2023, 9, 7, 1, 55, tzinfo=datetime.timezone(datetime.timedelta(days=-1, seconds=75600))),
      'production': dict({
        'biomass': 155.96,
        'hydro': 6525.16,
        'nuclear': 1388.1,
        'solar': 0.0,
        'unknown': 6791.2,
        'wind': 1835.68,
      }),
      'source': 'cammesaweb.cammesa.com',
      'sourceType': <EventSourceType.measured: 'measured'>,
      'storage': dict({
      }),
      'zoneKey': 'AR',
    }),
  ])
# ---
