# serializer version: 1
# name: test_production
  list([
    dict({
      'correctedModes': list([
      ]),
      'datetime': datetime.datetime(2023, 9, 21, 2, 0, tzinfo=zoneinfo.ZoneInfo(key='Europe/Paris')),
      'production': dict({
        'biomass': 676.5,
        'coal': 7.0,
        'gas': 431.5,
        'hydro': 3457.0,
        'nuclear': 35323.0,
        'oil': 114.0,
        'solar': 0.0,
        'wind': 9451.5,
      }),
      'source': 'opendata.reseaux-energies.fr',
      'sourceType': <EventSourceType.measured: 'measured'>,
      'storage': dict({
        'battery': 2.0,
        'hydro': 781.0,
      }),
      'zoneKey': 'FR',
    }),
    dict({
      'correctedModes': list([
      ]),
      'datetime': datetime.datetime(2023, 9, 21, 2, 30, tzinfo=zoneinfo.ZoneInfo(key='Europe/Paris')),
      'production': dict({
        'biomass': 676.5,
        'coal': 7.0,
        'gas': 446.5,
        'hydro': 3490.0,
        'nuclear': 34656.0,
        'oil': 114.0,
        'solar': 0.0,
        'wind': 9097.5,
      }),
      'source': 'opendata.reseaux-energies.fr',
      'sourceType': <EventSourceType.measured: 'measured'>,
      'storage': dict({
        'battery': 1.5,
        'hydro': 1097.5,
      }),
      'zoneKey': 'FR',
    }),
    dict({
      'correctedModes': list([
      ]),
      'datetime': datetime.datetime(2023, 9, 21, 3, 0, tzinfo=zoneinfo.ZoneInfo(key='Europe/Paris')),
      'production': dict({
        'biomass': 677.0,
        'coal': 7.0,
        'gas': 414.0,
        'hydro': 3407.5,
        'nuclear': 34372.5,
        'oil': 114.0,
        'solar': 0.0,
        'wind': 9050.0,
      }),
      'source': 'opendata.reseaux-energies.fr',
      'sourceType': <EventSourceType.measured: 'measured'>,
      'storage': dict({
        'battery': 4.5,
        'hydro': 1423.0,
      }),
      'zoneKey': 'FR',
    }),
    dict({
      'correctedModes': list([
      ]),
      'datetime': datetime.datetime(2023, 9, 21, 3, 30, tzinfo=zoneinfo.ZoneInfo(key='Europe/Paris')),
      'production': dict({
        'biomass': 676.5,
        'coal': 7.0,
        'gas': 434.0,
        'hydro': 3184.0,
        'nuclear': 34508.0,
        'oil': 114.0,
        'solar': 0.0,
        'wind': 8904.5,
      }),
      'source': 'opendata.reseaux-energies.fr',
      'sourceType': <EventSourceType.measured: 'measured'>,
      'storage': dict({
        'battery': 8.5,
        'hydro': 1422.5,
      }),
      'zoneKey': 'FR',
    }),
    dict({
      'correctedModes': list([
      ]),
      'datetime': datetime.datetime(2023, 9, 21, 4, 0, tzinfo=zoneinfo.ZoneInfo(key='Europe/Paris')),
      'production': dict({
        'biomass': 677.0,
        'coal': 7.0,
        'gas': 414.0,
        'hydro': 3207.0,
        'nuclear': 34517.5,
        'oil': 114.0,
        'solar': 0.0,
        'wind': 8366.0,
      }),
      'source': 'opendata.reseaux-energies.fr',
      'sourceType': <EventSourceType.measured: 'measured'>,
      'storage': dict({
        'battery': 5.0,
        'hydro': 1422.0,
      }),
      'zoneKey': 'FR',
    }),
    dict({
      'correctedModes': list([
      ]),
      'datetime': datetime.datetime(2023, 9, 21, 4, 30, tzinfo=zoneinfo.ZoneInfo(key='Europe/Paris')),
      'production': dict({
        'biomass': 676.0,
        'coal': 7.0,
        'gas': 461.0,
        'hydro': 3227.5,
        'nuclear': 34874.5,
        'oil': 114.0,
        'solar': 0.0,
        'wind': 7937.5,
      }),
      'source': 'opendata.reseaux-energies.fr',
      'sourceType': <EventSourceType.measured: 'measured'>,
      'storage': dict({
        'battery': 3.0,
        'hydro': 1421.5,
      }),
      'zoneKey': 'FR',
    }),
    dict({
      'correctedModes': list([
      ]),
      'datetime': datetime.datetime(2023, 9, 21, 5, 0, tzinfo=zoneinfo.ZoneInfo(key='Europe/Paris')),
      'production': dict({
        'biomass': 676.5,
        'coal': 7.0,
        'gas': 458.5,
        'hydro': 3386.0,
        'nuclear': 35173.5,
        'oil': 114.0,
        'solar': 0.0,
        'wind': 7489.5,
      }),
      'source': 'opendata.reseaux-energies.fr',
      'sourceType': <EventSourceType.measured: 'measured'>,
      'storage': dict({
        'battery': 3.5,
        'hydro': 1256.5,
      }),
      'zoneKey': 'FR',
    }),
    dict({
      'correctedModes': list([
      ]),
      'datetime': datetime.datetime(2023, 9, 21, 5, 30, tzinfo=zoneinfo.ZoneInfo(key='Europe/Paris')),
      'production': dict({
        'biomass': 676.5,
        'coal': 7.0,
        'gas': 601.5,
        'hydro': 3732.0,
        'nuclear': 36085.5,
        'oil': 114.0,
        'solar': 0.0,
        'wind': 6962.5,
      }),
      'source': 'opendata.reseaux-energies.fr',
      'sourceType': <EventSourceType.measured: 'measured'>,
      'storage': dict({
        'battery': -0.0,
        'hydro': 932.5,
      }),
      'zoneKey': 'FR',
    }),
    dict({
      'correctedModes': list([
      ]),
      'datetime': datetime.datetime(2023, 9, 21, 6, 0, tzinfo=zoneinfo.ZoneInfo(key='Europe/Paris')),
      'production': dict({
        'biomass': 674.0,
        'coal': 7.0,
        'gas': 808.5,
        'hydro': 3954.0,
        'nuclear': 36718.5,
        'oil': 113.0,
        'solar': 0.0,
        'wind': 6596.0,
      }),
      'source': 'opendata.reseaux-energies.fr',
      'sourceType': <EventSourceType.measured: 'measured'>,
      'storage': dict({
        'battery': 12.0,
        'hydro': 586.0,
      }),
      'zoneKey': 'FR',
    }),
    dict({
      'correctedModes': list([
      ]),
      'datetime': datetime.datetime(2023, 9, 21, 6, 30, tzinfo=zoneinfo.ZoneInfo(key='Europe/Paris')),
      'production': dict({
        'biomass': 675.5,
        'coal': 7.0,
        'gas': 938.5,
        'hydro': 4244.0,
        'nuclear': 37910.5,
        'oil': 114.0,
        'solar': 0.0,
        'wind': 6485.5,
      }),
      'source': 'opendata.reseaux-energies.fr',
      'sourceType': <EventSourceType.measured: 'measured'>,
      'storage': dict({
        'battery': -2.5,
        'hydro': -323.0,
      }),
      'zoneKey': 'FR',
    }),
    dict({
      'correctedModes': list([
      ]),
      'datetime': datetime.datetime(2023, 9, 21, 7, 0, tzinfo=zoneinfo.ZoneInfo(key='Europe/Paris')),
      'production': dict({
        'biomass': 674.5,
        'coal': 7.0,
        'gas': 1133.0,
        'hydro': 4394.0,
        'nuclear': 38387.5,
        'oil': 114.0,
        'solar': 376.0,
        'wind': 5863.0,
      }),
      'source': 'opendata.reseaux-energies.fr',
      'sourceType': <EventSourceType.measured: 'measured'>,
      'storage': dict({
        'battery': 5.0,
        'hydro': -667.0,
      }),
      'zoneKey': 'FR',
    }),
    dict({
      'correctedModes': list([
      ]),
      'datetime': datetime.datetime(2023, 9, 21, 7, 30, tzinfo=zoneinfo.ZoneInfo(key='Europe/Paris')),
      'production': dict({
        'biomass': 674.5,
        'coal': 7.0,
        'gas': 1158.0,
        'hydro': 4696.0,
        'nuclear': 38681.0,
        'oil': 114.0,
        'solar': 401.5,
        'wind': 5586.5,
      }),
      'source': 'opendata.reseaux-energies.fr',
      'sourceType': <EventSourceType.measured: 'measured'>,
      'storage': dict({
        'battery': 1.0,
        'hydro': -1045.0,
      }),
      'zoneKey': 'FR',
    }),
    dict({
      'correctedModes': list([
      ]),
      'datetime': datetime.datetime(2023, 9, 21, 8, 0, tzinfo=zoneinfo.ZoneInfo(key='Europe/Paris')),
      'production': dict({
        'biomass': 673.5,
        'coal': 9.0,
        'gas': 1379.5,
        'hydro': 4532.5,
        'nuclear': 38725.5,
        'oil': 114.0,
        'solar': 501.5,
        'wind': 5789.0,
      }),
      'source': 'opendata.reseaux-energies.fr',
      'sourceType': <EventSourceType.measured: 'measured'>,
      'storage': dict({
        'battery': 3.5,
        'hydro': -956.0,
      }),
      'zoneKey': 'FR',
    }),
    dict({
      'correctedModes': list([
      ]),
      'datetime': datetime.datetime(2023, 9, 21, 8, 30, tzinfo=zoneinfo.ZoneInfo(key='Europe/Paris')),
      'production': dict({
        'biomass': 675.0,
        'coal': 11.0,
        'gas': 1595.0,
        'hydro': 4318.5,
        'nuclear': 38691.5,
        'oil': 113.5,
        'solar': 868.5,
        'wind': 5908.5,
      }),
      'source': 'opendata.reseaux-energies.fr',
      'sourceType': <EventSourceType.measured: 'measured'>,
      'storage': dict({
        'battery': -3.0,
        'hydro': -882.0,
      }),
      'zoneKey': 'FR',
    }),
    dict({
      'correctedModes': list([
      ]),
      'datetime': datetime.datetime(2023, 9, 21, 9, 0, tzinfo=zoneinfo.ZoneInfo(key='Europe/Paris')),
      'production': dict({
        'biomass': 669.5,
        'coal': 11.0,
        'gas': 1601.0,
        'hydro': 4219.0,
        'nuclear': 38771.0,
        'oil': 114.0,
        'solar': 1387.0,
        'wind': 5784.0,
      }),
      'source': 'opendata.reseaux-energies.fr',
      'sourceType': <EventSourceType.measured: 'measured'>,
      'storage': dict({
        'battery': 1.0,
        'hydro': -957.0,
      }),
      'zoneKey': 'FR',
    }),
    dict({
      'correctedModes': list([
      ]),
      'datetime': datetime.datetime(2023, 9, 21, 9, 30, tzinfo=zoneinfo.ZoneInfo(key='Europe/Paris')),
      'production': dict({
        'biomass': 668.0,
        'coal': 11.0,
        'gas': 1569.0,
        'hydro': 4074.5,
        'nuclear': 38720.0,
        'oil': 113.5,
        'solar': 2034.0,
        'wind': 5504.0,
      }),
      'source': 'opendata.reseaux-energies.fr',
      'sourceType': <EventSourceType.measured: 'measured'>,
      'storage': dict({
        'battery': 4.5,
        'hydro': -939.5,
      }),
      'zoneKey': 'FR',
    }),
    dict({
      'correctedModes': list([
      ]),
      'datetime': datetime.datetime(2023, 9, 21, 10, 0, tzinfo=zoneinfo.ZoneInfo(key='Europe/Paris')),
      'production': dict({
        'biomass': 670.5,
        'coal': 11.0,
        'gas': 1640.5,
        'hydro': 4111.0,
        'nuclear': 38828.5,
        'oil': 114.0,
        'solar': 2531.0,
        'wind': 5099.5,
      }),
      'source': 'opendata.reseaux-energies.fr',
      'sourceType': <EventSourceType.measured: 'measured'>,
      'storage': dict({
        'battery': -0.0,
        'hydro': -902.5,
      }),
      'zoneKey': 'FR',
    }),
    dict({
      'correctedModes': list([
      ]),
      'datetime': datetime.datetime(2023, 9, 21, 10, 30, tzinfo=zoneinfo.ZoneInfo(key='Europe/Paris')),
      'production': dict({
        'biomass': 670.5,
        'coal': 11.0,
        'gas': 1668.0,
        'hydro': 4213.0,
        'nuclear': 38899.0,
        'oil': 114.0,
        'solar': 3213.0,
        'wind': 4500.0,
      }),
      'source': 'opendata.reseaux-energies.fr',
      'sourceType': <EventSourceType.measured: 'measured'>,
      'storage': dict({
        'battery': 0.5,
        'hydro': -753.0,
      }),
      'zoneKey': 'FR',
    }),
    dict({
      'correctedModes': list([
      ]),
      'datetime': datetime.datetime(2023, 9, 21, 11, 0, tzinfo=zoneinfo.ZoneInfo(key='Europe/Paris')),
      'production': dict({
        'biomass': 670.5,
        'coal': 11.0,
        'gas': 1611.0,
        'hydro': 4379.0,
        'nuclear': 38879.5,
        'oil': 132.0,
        'solar': 3541.5,
        'wind': 4020.5,
      }),
      'source': 'opendata.reseaux-energies.fr',
      'sourceType': <EventSourceType.measured: 'measured'>,
      'storage': dict({
        'battery': 4.5,
        'hydro': -823.0,
      }),
      'zoneKey': 'FR',
    }),
    dict({
      'correctedModes': list([
      ]),
      'datetime': datetime.datetime(2023, 9, 21, 11, 30, tzinfo=zoneinfo.ZoneInfo(key='Europe/Paris')),
      'production': dict({
        'biomass': 669.5,
        'coal': 11.0,
        'gas': 1627.5,
        'hydro': 4704.0,
        'nuclear': 38751.5,
        'oil': 186.5,
        'solar': 4049.0,
        'wind': 3706.0,
      }),
      'source': 'opendata.reseaux-energies.fr',
      'sourceType': <EventSourceType.measured: 'measured'>,
      'storage': dict({
        'battery': 8.5,
        'hydro': -879.5,
      }),
      'zoneKey': 'FR',
    }),
    dict({
      'correctedModes': list([
      ]),
      'datetime': datetime.datetime(2023, 9, 21, 12, 0, tzinfo=zoneinfo.ZoneInfo(key='Europe/Paris')),
      'production': dict({
        'biomass': 668.0,
        'coal': 11.0,
        'gas': 1595.0,
        'hydro': 4456.0,
        'nuclear': 38683.5,
        'oil': 185.5,
        'solar': 4069.5,
        'wind': 3465.5,
      }),
      'source': 'opendata.reseaux-energies.fr',
      'sourceType': <EventSourceType.measured: 'measured'>,
      'storage': dict({
        'battery': 5.5,
        'hydro': -908.5,
      }),
      'zoneKey': 'FR',
    }),
    dict({
      'correctedModes': list([
      ]),
      'datetime': datetime.datetime(2023, 9, 21, 12, 30, tzinfo=zoneinfo.ZoneInfo(key='Europe/Paris')),
      'production': dict({
        'biomass': 668.0,
        'coal': 11.0,
        'gas': 1577.5,
        'hydro': 4431.5,
        'nuclear': 38599.0,
        'oil': 185.5,
        'solar': 4319.0,
        'wind': 3696.0,
      }),
      'source': 'opendata.reseaux-energies.fr',
      'sourceType': <EventSourceType.measured: 'measured'>,
      'storage': dict({
        'battery': 6.5,
        'hydro': -807.0,
      }),
      'zoneKey': 'FR',
    }),
    dict({
      'correctedModes': list([
      ]),
      'datetime': datetime.datetime(2023, 9, 21, 13, 0, tzinfo=zoneinfo.ZoneInfo(key='Europe/Paris')),
      'production': dict({
        'biomass': 665.5,
        'coal': 11.0,
        'gas': 1466.0,
        'hydro': 4157.0,
        'nuclear': 38380.0,
        'oil': 185.5,
        'solar': 4654.0,
        'wind': 4014.0,
      }),
      'source': 'opendata.reseaux-energies.fr',
      'sourceType': <EventSourceType.measured: 'measured'>,
      'storage': dict({
        'battery': 7.5,
        'hydro': -480.5,
      }),
      'zoneKey': 'FR',
    }),
    dict({
      'correctedModes': list([
      ]),
      'datetime': datetime.datetime(2023, 9, 21, 13, 30, tzinfo=zoneinfo.ZoneInfo(key='Europe/Paris')),
      'production': dict({
        'biomass': 665.0,
        'coal': 11.0,
        'gas': 1575.5,
        'hydro': 3986.0,
        'nuclear': 38566.5,
        'oil': 150.5,
        'solar': 4571.5,
        'wind': 4111.5,
      }),
      'source': 'opendata.reseaux-energies.fr',
      'sourceType': <EventSourceType.measured: 'measured'>,
      'storage': dict({
        'battery': 3.5,
        'hydro': -478.5,
      }),
      'zoneKey': 'FR',
    }),
    dict({
      'correctedModes': list([
      ]),
      'datetime': datetime.datetime(2023, 9, 21, 14, 0, tzinfo=zoneinfo.ZoneInfo(key='Europe/Paris')),
      'production': dict({
        'biomass': 670.0,
        'coal': 11.0,
        'gas': 1519.5,
        'hydro': 3917.0,
        'nuclear': 38364.0,
        'oil': 114.0,
        'solar': 4710.5,
        'wind': 4422.5,
      }),
      'source': 'opendata.reseaux-energies.fr',
      'sourceType': <EventSourceType.measured: 'measured'>,
      'storage': dict({
        'battery': 7.0,
        'hydro': -346.0,
      }),
      'zoneKey': 'FR',
    }),
    dict({
      'correctedModes': list([
      ]),
      'datetime': datetime.datetime(2023, 9, 21, 14, 30, tzinfo=zoneinfo.ZoneInfo(key='Europe/Paris')),
      'production': dict({
        'biomass': 667.0,
        'coal': 11.0,
        'gas': 1668.5,
        'hydro': 3845.0,
        'nuclear': 38267.5,
        'oil': 114.0,
        'solar': 4803.5,
        'wind': 5231.0,
      }),
      'source': 'opendata.reseaux-energies.fr',
      'sourceType': <EventSourceType.measured: 'measured'>,
      'storage': dict({
        'battery': 0.5,
        'hydro': -96.0,
      }),
      'zoneKey': 'FR',
    }),
    dict({
      'correctedModes': list([
      ]),
      'datetime': datetime.datetime(2023, 9, 21, 15, 0, tzinfo=zoneinfo.ZoneInfo(key='Europe/Paris')),
      'production': dict({
        'biomass': 664.0,
        'coal': 11.0,
        'gas': 1671.0,
        'hydro': 3944.5,
        'nuclear': 37840.5,
        'oil': 114.0,
        'solar': 4974.5,
        'wind': 5716.5,
      }),
      'source': 'opendata.reseaux-energies.fr',
      'sourceType': <EventSourceType.measured: 'measured'>,
      'storage': dict({
        'battery': 3.5,
        'hydro': 22.5,
      }),
      'zoneKey': 'FR',
    }),
    dict({
      'correctedModes': list([
      ]),
      'datetime': datetime.datetime(2023, 9, 21, 15, 30, tzinfo=zoneinfo.ZoneInfo(key='Europe/Paris')),
      'production': dict({
        'biomass': 655.0,
        'coal': 11.0,
        'gas': 1708.0,
        'hydro': 4127.0,
        'nuclear': 37704.5,
        'oil': 114.0,
        'solar': 4534.5,
        'wind': 5908.5,
      }),
      'source': 'opendata.reseaux-energies.fr',
      'sourceType': <EventSourceType.measured: 'measured'>,
      'storage': dict({
        'battery': -2.5,
        'hydro': -121.0,
      }),
      'zoneKey': 'FR',
    }),
    dict({
      'correctedModes': list([
      ]),
      'datetime': datetime.datetime(2023, 9, 21, 16, 0, tzinfo=zoneinfo.ZoneInfo(key='Europe/Paris')),
      'production': dict({
        'biomass': 635.5,
        'coal': 11.0,
        'gas': 1784.0,
        'hydro': 4137.5,
        'nuclear': 37800.5,
        'oil': 114.0,
        'solar': 4037.5,
        'wind': 5689.5,
      }),
      'source': 'opendata.reseaux-energies.fr',
      'sourceType': <EventSourceType.measured: 'measured'>,
      'storage': dict({
        'battery': 3.0,
        'hydro': -480.5,
      }),
      'zoneKey': 'FR',
    }),
    dict({
      'correctedModes': list([
      ]),
      'datetime': datetime.datetime(2023, 9, 21, 16, 30, tzinfo=zoneinfo.ZoneInfo(key='Europe/Paris')),
      'production': dict({
        'biomass': 639.0,
        'coal': 11.0,
        'gas': 1899.5,
        'hydro': 4338.0,
        'nuclear': 37900.5,
        'oil': 114.0,
        'solar': 3663.5,
        'wind': 5525.5,
      }),
      'source': 'opendata.reseaux-energies.fr',
      'sourceType': <EventSourceType.measured: 'measured'>,
      'storage': dict({
        'battery': -0.0,
        'hydro': -1101.0,
      }),
      'zoneKey': 'FR',
    }),
    dict({
      'correctedModes': list([
      ]),
      'datetime': datetime.datetime(2023, 9, 21, 17, 0, tzinfo=zoneinfo.ZoneInfo(key='Europe/Paris')),
      'production': dict({
        'biomass': 645.5,
        'coal': 11.0,
        'gas': 1838.5,
        'hydro': 4569.5,
        'nuclear': 37771.0,
        'oil': 114.0,
        'solar': 3240.0,
        'wind': 5645.0,
      }),
      'source': 'opendata.reseaux-energies.fr',
      'sourceType': <EventSourceType.measured: 'measured'>,
      'storage': dict({
        'battery': 9.5,
        'hydro': -959.0,
      }),
      'zoneKey': 'FR',
    }),
    dict({
      'correctedModes': list([
      ]),
      'datetime': datetime.datetime(2023, 9, 21, 17, 30, tzinfo=zoneinfo.ZoneInfo(key='Europe/Paris')),
      'production': dict({
        'biomass': 651.5,
        'coal': 11.0,
        'gas': 1835.0,
        'hydro': 5028.5,
        'nuclear': 37858.5,
        'oil': 114.0,
        'solar': 2509.0,
        'wind': 5495.0,
      }),
      'source': 'opendata.reseaux-energies.fr',
      'sourceType': <EventSourceType.measured: 'measured'>,
      'storage': dict({
        'battery': -6.5,
        'hydro': -1170.0,
      }),
      'zoneKey': 'FR',
    }),
    dict({
      'correctedModes': list([
      ]),
      'datetime': datetime.datetime(2023, 9, 21, 18, 0, tzinfo=zoneinfo.ZoneInfo(key='Europe/Paris')),
      'production': dict({
        'biomass': 651.0,
        'coal': 11.0,
        'gas': 1762.0,
        'hydro': 5006.0,
        'nuclear': 37612.0,
        'oil': 113.5,
        'solar': 1923.5,
        'wind': 5446.5,
      }),
      'source': 'opendata.reseaux-energies.fr',
      'sourceType': <EventSourceType.measured: 'measured'>,
      'storage': dict({
        'battery': 12.0,
        'hydro': -936.0,
      }),
      'zoneKey': 'FR',
    }),
    dict({
      'correctedModes': list([
      ]),
      'datetime': datetime.datetime(2023, 9, 21, 18, 30, tzinfo=zoneinfo.ZoneInfo(key='Europe/Paris')),
      'production': dict({
        'biomass': 650.0,
        'coal': 11.0,
        'gas': 1936.0,
        'hydro': 5174.5,
        'nuclear': 37822.0,
        'oil': 114.0,
        'solar': 1162.0,
        'wind': 5308.0,
      }),
      'source': 'opendata.reseaux-energies.fr',
      'sourceType': <EventSourceType.measured: 'measured'>,
      'storage': dict({
        'battery': -2.0,
        'hydro': -509.0,
      }),
      'zoneKey': 'FR',
    }),
    dict({
      'correctedModes': list([
      ]),
      'datetime': datetime.datetime(2023, 9, 21, 19, 0, tzinfo=zoneinfo.ZoneInfo(key='Europe/Paris')),
      'production': dict({
        'biomass': 653.0,
        'coal': 11.0,
        'gas': 2256.5,
        'hydro': 5745.0,
        'nuclear': 37774.5,
        'oil': 114.0,
        'solar': 643.5,
        'wind': 5164.0,
      }),
      'source': 'opendata.reseaux-energies.fr',
      'sourceType': <EventSourceType.measured: 'measured'>,
      'storage': dict({
        'battery': 5.0,
        'hydro': -945.5,
      }),
      'zoneKey': 'FR',
    }),
    dict({
      'correctedModes': list([
      ]),
      'datetime': datetime.datetime(2023, 9, 21, 19, 30, tzinfo=zoneinfo.ZoneInfo(key='Europe/Paris')),
      'production': dict({
        'biomass': 657.0,
        'coal': 11.0,
        'gas': 2280.5,
        'hydro': 5791.5,
        'nuclear': 37791.0,
        'oil': 114.0,
        'solar': 369.0,
        'wind': 5344.0,
      }),
      'source': 'opendata.reseaux-energies.fr',
      'sourceType': <EventSourceType.measured: 'measured'>,
      'storage': dict({
        'battery': 8.5,
        'hydro': -900.5,
      }),
      'zoneKey': 'FR',
    }),
    dict({
      'correctedModes': list([
      ]),
      'datetime': datetime.datetime(2023, 9, 21, 20, 0, tzinfo=zoneinfo.ZoneInfo(key='Europe/Paris')),
      'production': dict({
        'biomass': 657.0,
        'coal': 11.0,
        'gas': 2303.5,
        'hydro': 5777.0,
        'nuclear': 37752.0,
        'oil': 114.0,
        'solar': 228.0,
        'wind': 5333.5,
      }),
      'source': 'opendata.reseaux-energies.fr',
      'sourceType': <EventSourceType.measured: 'measured'>,
      'storage': dict({
        'battery': 7.0,
        'hydro': -1151.0,
      }),
      'zoneKey': 'FR',
    }),
    dict({
      'correctedModes': list([
      ]),
      'datetime': datetime.datetime(2023, 9, 21, 20, 30, tzinfo=zoneinfo.ZoneInfo(key='Europe/Paris')),
      'production': dict({
        'biomass': 655.5,
        'coal': 11.0,
        'gas': 2195.0,
        'hydro': 5707.5,
        'nuclear': 37561.5,
        'oil': 110.0,
        'solar': 218.5,
        'wind': 5381.5,
      }),
      'source': 'opendata.reseaux-energies.fr',
      'sourceType': <EventSourceType.measured: 'measured'>,
      'storage': dict({
        'battery': 3.0,
        'hydro': -1228.5,
      }),
      'zoneKey': 'FR',
    }),
    dict({
      'correctedModes': list([
      ]),
      'datetime': datetime.datetime(2023, 9, 21, 21, 0, tzinfo=zoneinfo.ZoneInfo(key='Europe/Paris')),
      'production': dict({
        'biomass': 655.5,
        'coal': 11.0,
        'gas': 2252.0,
        'hydro': 5697.0,
        'nuclear': 37647.0,
        'oil': 498.0,
        'solar': 110.0,
        'wind': 5378.0,
      }),
      'source': 'opendata.reseaux-energies.fr',
      'sourceType': <EventSourceType.measured: 'measured'>,
      'storage': dict({
        'battery': -0.0,
        'hydro': -1421.5,
      }),
      'zoneKey': 'FR',
    }),
    dict({
      'correctedModes': list([
      ]),
      'datetime': datetime.datetime(2023, 9, 21, 21, 30, tzinfo=zoneinfo.ZoneInfo(key='Europe/Paris')),
      'production': dict({
        'biomass': 653.0,
        'coal': 11.0,
        'gas': 2163.0,
        'hydro': 5285.0,
        'nuclear': 37785.5,
        'oil': 543.5,
        'solar': 0.0,
        'wind': 5526.5,
      }),
      'source': 'opendata.reseaux-energies.fr',
      'sourceType': <EventSourceType.measured: 'measured'>,
      'storage': dict({
        'battery': 10.5,
        'hydro': -596.5,
      }),
      'zoneKey': 'FR',
    }),
    dict({
      'correctedModes': list([
      ]),
      'datetime': datetime.datetime(2023, 9, 21, 22, 0, tzinfo=zoneinfo.ZoneInfo(key='Europe/Paris')),
      'production': dict({
        'biomass': 658.5,
        'coal': 11.0,
        'gas': 2197.5,
        'hydro': 5168.0,
        'nuclear': 37852.5,
        'oil': 114.0,
        'solar': 0.0,
        'wind': 5895.5,
      }),
      'source': 'opendata.reseaux-energies.fr',
      'sourceType': <EventSourceType.measured: 'measured'>,
      'storage': dict({
        'battery': 5.5,
        'hydro': -486.5,
      }),
      'zoneKey': 'FR',
    }),
    dict({
      'correctedModes': list([
      ]),
      'datetime': datetime.datetime(2023, 9, 21, 22, 30, tzinfo=zoneinfo.ZoneInfo(key='Europe/Paris')),
      'production': dict({
        'biomass': 655.0,
        'coal': 11.0,
        'gas': 2223.5,
        'hydro': 5214.5,
        'nuclear': 37831.0,
        'oil': 114.0,
        'solar': 0.0,
        'wind': 6158.0,
      }),
      'source': 'opendata.reseaux-energies.fr',
      'sourceType': <EventSourceType.measured: 'measured'>,
      'storage': dict({
        'battery': 3.0,
        'hydro': -607.5,
      }),
      'zoneKey': 'FR',
    }),
    dict({
      'correctedModes': list([
      ]),
      'datetime': datetime.datetime(2023, 9, 21, 23, 0, tzinfo=zoneinfo.ZoneInfo(key='Europe/Paris')),
      'production': dict({
        'biomass': 652.0,
        'coal': 11.0,
        'gas': 2301.5,
        'hydro': 5142.0,
        'nuclear': 37838.0,
        'oil': 114.0,
        'solar': 0.0,
        'wind': 6445.0,
      }),
      'source': 'opendata.reseaux-energies.fr',
      'sourceType': <EventSourceType.measured: 'measured'>,
      'storage': dict({
        'battery': 2.0,
        'hydro': -703.0,
      }),
      'zoneKey': 'FR',
    }),
    dict({
      'correctedModes': list([
      ]),
      'datetime': datetime.datetime(2023, 9, 21, 23, 30, tzinfo=zoneinfo.ZoneInfo(key='Europe/Paris')),
      'production': dict({
        'biomass': 653.5,
        'coal': 9.0,
        'gas': 2092.0,
        'hydro': 4799.0,
        'nuclear': 37548.0,
        'oil': 113.5,
        'solar': 0.0,
        'wind': 6631.0,
      }),
      'source': 'opendata.reseaux-energies.fr',
      'sourceType': <EventSourceType.measured: 'measured'>,
      'storage': dict({
        'battery': 7.5,
        'hydro': -461.5,
      }),
      'zoneKey': 'FR',
    }),
    dict({
      'correctedModes': list([
      ]),
      'datetime': datetime.datetime(2023, 9, 22, 0, 0, tzinfo=zoneinfo.ZoneInfo(key='Europe/Paris')),
      'production': dict({
        'biomass': 655.0,
        'coal': 7.0,
        'gas': 2083.0,
        'hydro': 4451.0,
        'nuclear': 37718.5,
        'oil': 113.5,
        'solar': 0.0,
        'wind': 6738.5,
      }),
      'source': 'opendata.reseaux-energies.fr',
      'sourceType': <EventSourceType.measured: 'measured'>,
      'storage': dict({
        'battery': -0.5,
        'hydro': -657.5,
      }),
      'zoneKey': 'FR',
    }),
    dict({
      'correctedModes': list([
      ]),
      'datetime': datetime.datetime(2023, 9, 22, 0, 30, tzinfo=zoneinfo.ZoneInfo(key='Europe/Paris')),
      'production': dict({
        'biomass': 654.0,
        'coal': 7.0,
        'gas': 1826.5,
        'hydro': 4180.5,
        'nuclear': 37300.0,
        'oil': 113.5,
        'solar': 0.0,
        'wind': 6931.5,
      }),
      'source': 'opendata.reseaux-energies.fr',
      'sourceType': <EventSourceType.measured: 'measured'>,
      'storage': dict({
        'battery': 6.0,
        'hydro': -586.5,
      }),
      'zoneKey': 'FR',
    }),
    dict({
      'correctedModes': list([
      ]),
      'datetime': datetime.datetime(2023, 9, 22, 1, 0, tzinfo=zoneinfo.ZoneInfo(key='Europe/Paris')),
      'production': dict({
        'biomass': 654.0,
        'coal': 7.0,
        'gas': 906.0,
        'hydro': 4203.5,
        'nuclear': 37458.5,
        'oil': 112.0,
        'solar': 0.0,
        'wind': 6831.5,
      }),
      'source': 'opendata.reseaux-energies.fr',
      'sourceType': <EventSourceType.measured: 'measured'>,
      'storage': dict({
        'battery': -2.0,
        'hydro': -556.5,
      }),
      'zoneKey': 'FR',
    }),
    dict({
      'correctedModes': list([
      ]),
      'datetime': datetime.datetime(2023, 9, 22, 1, 30, tzinfo=zoneinfo.ZoneInfo(key='Europe/Paris')),
      'production': dict({
        'biomass': 649.5,
        'coal': 7.0,
        'gas': 492.0,
        'hydro': 4181.0,
        'nuclear': 37619.5,
        'oil': 109.5,
        'solar': 0.0,
        'wind': 7137.5,
      }),
      'source': 'opendata.reseaux-energies.fr',
      'sourceType': <EventSourceType.measured: 'measured'>,
      'storage': dict({
        'battery': 5.0,
        'hydro': -567.0,
      }),
      'zoneKey': 'FR',
    }),
    dict({
      'correctedModes': list([
      ]),
      'datetime': datetime.datetime(2023, 9, 22, 2, 0, tzinfo=zoneinfo.ZoneInfo(key='Europe/Paris')),
      'production': dict({
        'biomass': 651.0,
        'coal': 7.0,
        'gas': 501.0,
        'hydro': 3965.0,
        'nuclear': 37536.0,
        'oil': 110.0,
        'solar': 0.0,
        'wind': 7440.0,
      }),
      'source': 'opendata.reseaux-energies.fr',
      'sourceType': <EventSourceType.measured: 'measured'>,
      'storage': dict({
        'battery': -0.0,
        'hydro': -207.0,
      }),
      'zoneKey': 'FR',
    }),
  ])
# ---
