# serializer version: 1
# name: test_fetch_production
  list([
    dict({
      'correctedModes': list([
      ]),
      'datetime': datetime.datetime(2025, 1, 14, 0, 0, tzinfo=zoneinfo.ZoneInfo(key='America/Dominica')),
      'production': dict({
        'biomass': 30.02,
        'coal': 940.42,
        'gas': 914.61,
        'hydro': 0.0,
        'oil': 171.16,
        'solar': 0.0,
        'wind': 0.0,
      }),
      'source': 'oc.org.do',
      'sourceType': <EventSourceType.measured: 'measured'>,
      'storage': dict({
      }),
      'zoneKey': 'DO',
    }),
    dict({
      'correctedModes': list([
      ]),
      'datetime': datetime.datetime(2025, 1, 14, 1, 0, tzinfo=zoneinfo.ZoneInfo(key='America/Dominica')),
      'production': dict({
        'biomass': 30.05,
        'coal': 937.01,
        'gas': 918.43,
        'hydro': 0.0,
        'oil': 198.85,
        'solar': 0.0,
        'wind': 0.0,
      }),
      'source': 'oc.org.do',
      'sourceType': <EventSourceType.measured: 'measured'>,
      'storage': dict({
      }),
      'zoneKey': 'DO',
    }),
    dict({
      'correctedModes': list([
      ]),
      'datetime': datetime.datetime(2025, 1, 14, 2, 0, tzinfo=zoneinfo.ZoneInfo(key='America/Dominica')),
      'production': dict({
        'biomass': 30.1,
        'coal': 936.61,
        'gas': 867.07,
        'hydro': 0.0,
        'oil': 262.37,
        'solar': 0.0,
        'wind': 0.0,
      }),
      'source': 'oc.org.do',
      'sourceType': <EventSourceType.measured: 'measured'>,
      'storage': dict({
      }),
      'zoneKey': 'DO',
    }),
    dict({
      'correctedModes': list([
      ]),
      'datetime': datetime.datetime(2025, 1, 14, 3, 0, tzinfo=zoneinfo.ZoneInfo(key='America/Dominica')),
      'production': dict({
        'biomass': 30.1,
        'coal': 936.55,
        'gas': 806.58,
        'hydro': 0.0,
        'oil': 264.72,
        'solar': 0.0,
        'wind': 0.0,
      }),
      'source': 'oc.org.do',
      'sourceType': <EventSourceType.measured: 'measured'>,
      'storage': dict({
      }),
      'zoneKey': 'DO',
    }),
    dict({
      'correctedModes': list([
      ]),
      'datetime': datetime.datetime(2025, 1, 14, 4, 0, tzinfo=zoneinfo.ZoneInfo(key='America/Dominica')),
      'production': dict({
        'biomass': 29.72,
        'coal': 932.76,
        'gas': 827.35,
        'hydro': 0.0,
        'oil': 177.87,
        'solar': 0.0,
        'wind': 0.0,
      }),
      'source': 'oc.org.do',
      'sourceType': <EventSourceType.measured: 'measured'>,
      'storage': dict({
      }),
      'zoneKey': 'DO',
    }),
    dict({
      'correctedModes': list([
      ]),
      'datetime': datetime.datetime(2025, 1, 14, 5, 0, tzinfo=zoneinfo.ZoneInfo(key='America/Dominica')),
      'production': dict({
        'biomass': 30.06,
        'coal': 928.92,
        'gas': 902.21,
        'hydro': 0.0,
        'oil': 119.51,
        'solar': 0.0,
        'wind': 0.0,
      }),
      'source': 'oc.org.do',
      'sourceType': <EventSourceType.measured: 'measured'>,
      'storage': dict({
      }),
      'zoneKey': 'DO',
    }),
    dict({
      'correctedModes': list([
      ]),
      'datetime': datetime.datetime(2025, 1, 14, 6, 0, tzinfo=zoneinfo.ZoneInfo(key='America/Dominica')),
      'production': dict({
        'biomass': 28.46,
        'coal': 930.8,
        'gas': 928.82,
        'hydro': 0.0,
        'oil': 119.18,
        'solar': 0.0,
        'wind': 0.0,
      }),
      'source': 'oc.org.do',
      'sourceType': <EventSourceType.measured: 'measured'>,
      'storage': dict({
      }),
      'zoneKey': 'DO',
    }),
    dict({
      'correctedModes': list([
      ]),
      'datetime': datetime.datetime(2025, 1, 14, 7, 0, tzinfo=zoneinfo.ZoneInfo(key='America/Dominica')),
      'production': dict({
        'biomass': 28.87,
        'coal': 924.34,
        'gas': 880.56,
        'hydro': 114.06,
        'oil': 126.49,
        'solar': 23.9,
        'wind': 9.91,
      }),
      'source': 'oc.org.do',
      'sourceType': <EventSourceType.measured: 'measured'>,
      'storage': dict({
      }),
      'zoneKey': 'DO',
    }),
    dict({
      'correctedModes': list([
      ]),
      'datetime': datetime.datetime(2025, 1, 14, 8, 0, tzinfo=zoneinfo.ZoneInfo(key='America/Dominica')),
      'production': dict({
        'biomass': 27.89,
        'coal': 924.49,
        'gas': 772.35,
        'hydro': 72.41,
        'oil': 73.84,
        'solar': 251.22,
        'wind': 8.68,
      }),
      'source': 'oc.org.do',
      'sourceType': <EventSourceType.measured: 'measured'>,
      'storage': dict({
      }),
      'zoneKey': 'DO',
    }),
    dict({
      'correctedModes': list([
      ]),
      'datetime': datetime.datetime(2025, 1, 14, 9, 0, tzinfo=zoneinfo.ZoneInfo(key='America/Dominica')),
      'production': dict({
        'biomass': 25.67,
        'coal': 926.15,
        'gas': 615.72,
        'hydro': 67.23,
        'oil': None,
        'solar': 527.22,
        'wind': 5.94,
      }),
      'source': 'oc.org.do',
      'sourceType': <EventSourceType.measured: 'measured'>,
      'storage': dict({
      }),
      'zoneKey': 'DO',
    }),
    dict({
      'correctedModes': list([
      ]),
      'datetime': datetime.datetime(2025, 1, 14, 10, 0, tzinfo=zoneinfo.ZoneInfo(key='America/Dominica')),
      'production': dict({
        'biomass': 27.27,
        'coal': 868.14,
        'gas': 549.8,
        'hydro': 65.77,
        'oil': None,
        'solar': 612.36,
        'wind': 8.79,
      }),
      'source': 'oc.org.do',
      'sourceType': <EventSourceType.measured: 'measured'>,
      'storage': dict({
      }),
      'zoneKey': 'DO',
    }),
    dict({
      'correctedModes': list([
      ]),
      'datetime': datetime.datetime(2025, 1, 14, 11, 0, tzinfo=zoneinfo.ZoneInfo(key='America/Dominica')),
      'production': dict({
        'biomass': 29.75,
        'coal': 827.64,
        'gas': 576.89,
        'hydro': 58.3,
        'oil': None,
        'solar': 653.86,
        'wind': 16.17,
      }),
      'source': 'oc.org.do',
      'sourceType': <EventSourceType.measured: 'measured'>,
      'storage': dict({
      }),
      'zoneKey': 'DO',
    }),
    dict({
      'correctedModes': list([
      ]),
      'datetime': datetime.datetime(2025, 1, 14, 12, 0, tzinfo=zoneinfo.ZoneInfo(key='America/Dominica')),
      'production': dict({
        'biomass': 29.78,
        'coal': 820.55,
        'gas': 577.44,
        'hydro': 54.27,
        'oil': None,
        'solar': 679.36,
        'wind': 33.4,
      }),
      'source': 'oc.org.do',
      'sourceType': <EventSourceType.measured: 'measured'>,
      'storage': dict({
      }),
      'zoneKey': 'DO',
    }),
    dict({
      'correctedModes': list([
      ]),
      'datetime': datetime.datetime(2025, 1, 14, 13, 0, tzinfo=zoneinfo.ZoneInfo(key='America/Dominica')),
      'production': dict({
        'biomass': 29.91,
        'coal': 825.69,
        'gas': 578.61,
        'hydro': 42.51,
        'oil': None,
        'solar': 695.16,
        'wind': 49.56,
      }),
      'source': 'oc.org.do',
      'sourceType': <EventSourceType.measured: 'measured'>,
      'storage': dict({
      }),
      'zoneKey': 'DO',
    }),
    dict({
      'correctedModes': list([
      ]),
      'datetime': datetime.datetime(2025, 1, 14, 14, 0, tzinfo=zoneinfo.ZoneInfo(key='America/Dominica')),
      'production': dict({
        'biomass': 30.0,
        'coal': 860.69,
        'gas': 645.81,
        'hydro': 42.39,
        'oil': None,
        'solar': 676.98,
        'wind': 74.53,
      }),
      'source': 'oc.org.do',
      'sourceType': <EventSourceType.measured: 'measured'>,
      'storage': dict({
      }),
      'zoneKey': 'DO',
    }),
    dict({
      'correctedModes': list([
      ]),
      'datetime': datetime.datetime(2025, 1, 14, 15, 0, tzinfo=zoneinfo.ZoneInfo(key='America/Dominica')),
      'production': dict({
        'biomass': 28.99,
        'coal': 923.92,
        'gas': 650.54,
        'hydro': 42.53,
        'oil': 2.09,
        'solar': 599.58,
        'wind': 83.42,
      }),
      'source': 'oc.org.do',
      'sourceType': <EventSourceType.measured: 'measured'>,
      'storage': dict({
      }),
      'zoneKey': 'DO',
    }),
    dict({
      'correctedModes': list([
      ]),
      'datetime': datetime.datetime(2025, 1, 14, 16, 0, tzinfo=zoneinfo.ZoneInfo(key='America/Dominica')),
      'production': dict({
        'biomass': 29.19,
        'coal': 933.95,
        'gas': 794.39,
        'hydro': 78.93,
        'oil': 42.77,
        'solar': 446.65,
        'wind': 75.95,
      }),
      'source': 'oc.org.do',
      'sourceType': <EventSourceType.measured: 'measured'>,
      'storage': dict({
      }),
      'zoneKey': 'DO',
    }),
    dict({
      'correctedModes': list([
      ]),
      'datetime': datetime.datetime(2025, 1, 14, 17, 0, tzinfo=zoneinfo.ZoneInfo(key='America/Dominica')),
      'production': dict({
        'biomass': 30.09,
        'coal': 932.86,
        'gas': 810.65,
        'hydro': 128.41,
        'oil': 100.27,
        'solar': 279.41,
        'wind': 63.48,
      }),
      'source': 'oc.org.do',
      'sourceType': <EventSourceType.measured: 'measured'>,
      'storage': dict({
      }),
      'zoneKey': 'DO',
    }),
  ])
# ---
