# serializer version: 1
# name: test_fetch_production
  list([
    dict({
      'correctedModes': list([
      ]),
      'datetime': datetime.datetime(2023, 12, 19, 15, 53, 23, 729935, tzinfo=zoneinfo.ZoneInfo(key='Atlantic/Reykjavik')),
      'production': dict({
        'geothermal': 653.1291,
        'hydro': 1588.2567,
        'oil': 0.0,
      }),
      'source': 'amper.landsnet.is',
      'sourceType': <EventSourceType.measured: 'measured'>,
      'storage': dict({
      }),
      'zoneKey': 'IS',
    }),
  ])
# ---
