# serializer version: 1
# name: test_snapshot_fetch_consumption_forecast
  list([
    dict({
      'consumption': 17442.0,
      'datetime': FakeDatetime(2025, 2, 18, 0, 0, tzinfo=zoneinfo.ZoneInfo(key='America/New_York')),
      'source': 'nyiso.com',
      'sourceType': <EventSourceType.forecasted: 'forecasted'>,
      'zoneKey': 'US-NY-NYIS',
    }),
    dict({
      'consumption': 17068.0,
      'datetime': FakeDatetime(2025, 2, 18, 1, 0, tzinfo=zoneinfo.ZoneInfo(key='America/New_York')),
      'source': 'nyiso.com',
      'sourceType': <EventSourceType.forecasted: 'forecasted'>,
      'zoneKey': 'US-NY-NYIS',
    }),
    dict({
      'consumption': 16877.0,
      'datetime': FakeDatetime(2025, 2, 18, 2, 0, tzinfo=zoneinfo.ZoneInfo(key='America/New_York')),
      'source': 'nyiso.com',
      'sourceType': <EventSourceType.forecasted: 'forecasted'>,
      'zoneKey': 'US-NY-NYIS',
    }),
    dict({
      'consumption': 16847.0,
      'datetime': FakeDatetime(2025, 2, 18, 3, 0, tzinfo=zoneinfo.ZoneInfo(key='America/New_York')),
      'source': 'nyiso.com',
      'sourceType': <EventSourceType.forecasted: 'forecasted'>,
      'zoneKey': 'US-NY-NYIS',
    }),
    dict({
      'consumption': 17130.0,
      'datetime': FakeDatetime(2025, 2, 18, 4, 0, tzinfo=zoneinfo.ZoneInfo(key='America/New_York')),
      'source': 'nyiso.com',
      'sourceType': <EventSourceType.forecasted: 'forecasted'>,
      'zoneKey': 'US-NY-NYIS',
    }),
    dict({
      'consumption': 17927.0,
      'datetime': FakeDatetime(2025, 2, 18, 5, 0, tzinfo=zoneinfo.ZoneInfo(key='America/New_York')),
      'source': 'nyiso.com',
      'sourceType': <EventSourceType.forecasted: 'forecasted'>,
      'zoneKey': 'US-NY-NYIS',
    }),
    dict({
      'consumption': 19300.0,
      'datetime': FakeDatetime(2025, 2, 18, 6, 0, tzinfo=zoneinfo.ZoneInfo(key='America/New_York')),
      'source': 'nyiso.com',
      'sourceType': <EventSourceType.forecasted: 'forecasted'>,
      'zoneKey': 'US-NY-NYIS',
    }),
    dict({
      'consumption': 20168.0,
      'datetime': FakeDatetime(2025, 2, 18, 7, 0, tzinfo=zoneinfo.ZoneInfo(key='America/New_York')),
      'source': 'nyiso.com',
      'sourceType': <EventSourceType.forecasted: 'forecasted'>,
      'zoneKey': 'US-NY-NYIS',
    }),
    dict({
      'consumption': 20216.0,
      'datetime': FakeDatetime(2025, 2, 18, 8, 0, tzinfo=zoneinfo.ZoneInfo(key='America/New_York')),
      'source': 'nyiso.com',
      'sourceType': <EventSourceType.forecasted: 'forecasted'>,
      'zoneKey': 'US-NY-NYIS',
    }),
    dict({
      'consumption': 19943.0,
      'datetime': FakeDatetime(2025, 2, 18, 9, 0, tzinfo=zoneinfo.ZoneInfo(key='America/New_York')),
      'source': 'nyiso.com',
      'sourceType': <EventSourceType.forecasted: 'forecasted'>,
      'zoneKey': 'US-NY-NYIS',
    }),
    dict({
      'consumption': 19766.0,
      'datetime': FakeDatetime(2025, 2, 18, 10, 0, tzinfo=zoneinfo.ZoneInfo(key='America/New_York')),
      'source': 'nyiso.com',
      'sourceType': <EventSourceType.forecasted: 'forecasted'>,
      'zoneKey': 'US-NY-NYIS',
    }),
    dict({
      'consumption': 19667.0,
      'datetime': FakeDatetime(2025, 2, 18, 11, 0, tzinfo=zoneinfo.ZoneInfo(key='America/New_York')),
      'source': 'nyiso.com',
      'sourceType': <EventSourceType.forecasted: 'forecasted'>,
      'zoneKey': 'US-NY-NYIS',
    }),
    dict({
      'consumption': 19528.0,
      'datetime': FakeDatetime(2025, 2, 18, 12, 0, tzinfo=zoneinfo.ZoneInfo(key='America/New_York')),
      'source': 'nyiso.com',
      'sourceType': <EventSourceType.forecasted: 'forecasted'>,
      'zoneKey': 'US-NY-NYIS',
    }),
    dict({
      'consumption': 19493.0,
      'datetime': FakeDatetime(2025, 2, 18, 13, 0, tzinfo=zoneinfo.ZoneInfo(key='America/New_York')),
      'source': 'nyiso.com',
      'sourceType': <EventSourceType.forecasted: 'forecasted'>,
      'zoneKey': 'US-NY-NYIS',
    }),
    dict({
      'consumption': 19593.0,
      'datetime': FakeDatetime(2025, 2, 18, 14, 0, tzinfo=zoneinfo.ZoneInfo(key='America/New_York')),
      'source': 'nyiso.com',
      'sourceType': <EventSourceType.forecasted: 'forecasted'>,
      'zoneKey': 'US-NY-NYIS',
    }),
    dict({
      'consumption': 20067.0,
      'datetime': FakeDatetime(2025, 2, 18, 15, 0, tzinfo=zoneinfo.ZoneInfo(key='America/New_York')),
      'source': 'nyiso.com',
      'sourceType': <EventSourceType.forecasted: 'forecasted'>,
      'zoneKey': 'US-NY-NYIS',
    }),
    dict({
      'consumption': 20882.0,
      'datetime': FakeDatetime(2025, 2, 18, 16, 0, tzinfo=zoneinfo.ZoneInfo(key='America/New_York')),
      'source': 'nyiso.com',
      'sourceType': <EventSourceType.forecasted: 'forecasted'>,
      'zoneKey': 'US-NY-NYIS',
    }),
    dict({
      'consumption': 21792.0,
      'datetime': FakeDatetime(2025, 2, 18, 17, 0, tzinfo=zoneinfo.ZoneInfo(key='America/New_York')),
      'source': 'nyiso.com',
      'sourceType': <EventSourceType.forecasted: 'forecasted'>,
      'zoneKey': 'US-NY-NYIS',
    }),
    dict({
      'consumption': 22288.0,
      'datetime': FakeDatetime(2025, 2, 18, 18, 0, tzinfo=zoneinfo.ZoneInfo(key='America/New_York')),
      'source': 'nyiso.com',
      'sourceType': <EventSourceType.forecasted: 'forecasted'>,
      'zoneKey': 'US-NY-NYIS',
    }),
    dict({
      'consumption': 22051.0,
      'datetime': FakeDatetime(2025, 2, 18, 19, 0, tzinfo=zoneinfo.ZoneInfo(key='America/New_York')),
      'source': 'nyiso.com',
      'sourceType': <EventSourceType.forecasted: 'forecasted'>,
      'zoneKey': 'US-NY-NYIS',
    }),
    dict({
      'consumption': 21502.0,
      'datetime': FakeDatetime(2025, 2, 18, 20, 0, tzinfo=zoneinfo.ZoneInfo(key='America/New_York')),
      'source': 'nyiso.com',
      'sourceType': <EventSourceType.forecasted: 'forecasted'>,
      'zoneKey': 'US-NY-NYIS',
    }),
    dict({
      'consumption': 20705.0,
      'datetime': FakeDatetime(2025, 2, 18, 21, 0, tzinfo=zoneinfo.ZoneInfo(key='America/New_York')),
      'source': 'nyiso.com',
      'sourceType': <EventSourceType.forecasted: 'forecasted'>,
      'zoneKey': 'US-NY-NYIS',
    }),
    dict({
      'consumption': 19691.0,
      'datetime': FakeDatetime(2025, 2, 18, 22, 0, tzinfo=zoneinfo.ZoneInfo(key='America/New_York')),
      'source': 'nyiso.com',
      'sourceType': <EventSourceType.forecasted: 'forecasted'>,
      'zoneKey': 'US-NY-NYIS',
    }),
    dict({
      'consumption': 18723.0,
      'datetime': FakeDatetime(2025, 2, 18, 23, 0, tzinfo=zoneinfo.ZoneInfo(key='America/New_York')),
      'source': 'nyiso.com',
      'sourceType': <EventSourceType.forecasted: 'forecasted'>,
      'zoneKey': 'US-NY-NYIS',
    }),
    dict({
      'consumption': 17931.0,
      'datetime': FakeDatetime(2025, 2, 19, 0, 0, tzinfo=zoneinfo.ZoneInfo(key='America/New_York')),
      'source': 'nyiso.com',
      'sourceType': <EventSourceType.forecasted: 'forecasted'>,
      'zoneKey': 'US-NY-NYIS',
    }),
    dict({
      'consumption': 17518.0,
      'datetime': FakeDatetime(2025, 2, 19, 1, 0, tzinfo=zoneinfo.ZoneInfo(key='America/New_York')),
      'source': 'nyiso.com',
      'sourceType': <EventSourceType.forecasted: 'forecasted'>,
      'zoneKey': 'US-NY-NYIS',
    }),
    dict({
      'consumption': 17291.0,
      'datetime': FakeDatetime(2025, 2, 19, 2, 0, tzinfo=zoneinfo.ZoneInfo(key='America/New_York')),
      'source': 'nyiso.com',
      'sourceType': <EventSourceType.forecasted: 'forecasted'>,
      'zoneKey': 'US-NY-NYIS',
    }),
    dict({
      'consumption': 17223.0,
      'datetime': FakeDatetime(2025, 2, 19, 3, 0, tzinfo=zoneinfo.ZoneInfo(key='America/New_York')),
      'source': 'nyiso.com',
      'sourceType': <EventSourceType.forecasted: 'forecasted'>,
      'zoneKey': 'US-NY-NYIS',
    }),
    dict({
      'consumption': 17485.0,
      'datetime': FakeDatetime(2025, 2, 19, 4, 0, tzinfo=zoneinfo.ZoneInfo(key='America/New_York')),
      'source': 'nyiso.com',
      'sourceType': <EventSourceType.forecasted: 'forecasted'>,
      'zoneKey': 'US-NY-NYIS',
    }),
    dict({
      'consumption': 18255.0,
      'datetime': FakeDatetime(2025, 2, 19, 5, 0, tzinfo=zoneinfo.ZoneInfo(key='America/New_York')),
      'source': 'nyiso.com',
      'sourceType': <EventSourceType.forecasted: 'forecasted'>,
      'zoneKey': 'US-NY-NYIS',
    }),
    dict({
      'consumption': 19604.0,
      'datetime': FakeDatetime(2025, 2, 19, 6, 0, tzinfo=zoneinfo.ZoneInfo(key='America/New_York')),
      'source': 'nyiso.com',
      'sourceType': <EventSourceType.forecasted: 'forecasted'>,
      'zoneKey': 'US-NY-NYIS',
    }),
    dict({
      'consumption': 20445.0,
      'datetime': FakeDatetime(2025, 2, 19, 7, 0, tzinfo=zoneinfo.ZoneInfo(key='America/New_York')),
      'source': 'nyiso.com',
      'sourceType': <EventSourceType.forecasted: 'forecasted'>,
      'zoneKey': 'US-NY-NYIS',
    }),
    dict({
      'consumption': 20477.0,
      'datetime': FakeDatetime(2025, 2, 19, 8, 0, tzinfo=zoneinfo.ZoneInfo(key='America/New_York')),
      'source': 'nyiso.com',
      'sourceType': <EventSourceType.forecasted: 'forecasted'>,
      'zoneKey': 'US-NY-NYIS',
    }),
    dict({
      'consumption': 20203.0,
      'datetime': FakeDatetime(2025, 2, 19, 9, 0, tzinfo=zoneinfo.ZoneInfo(key='America/New_York')),
      'source': 'nyiso.com',
      'sourceType': <EventSourceType.forecasted: 'forecasted'>,
      'zoneKey': 'US-NY-NYIS',
    }),
    dict({
      'consumption': 19939.0,
      'datetime': FakeDatetime(2025, 2, 19, 10, 0, tzinfo=zoneinfo.ZoneInfo(key='America/New_York')),
      'source': 'nyiso.com',
      'sourceType': <EventSourceType.forecasted: 'forecasted'>,
      'zoneKey': 'US-NY-NYIS',
    }),
    dict({
      'consumption': 19685.0,
      'datetime': FakeDatetime(2025, 2, 19, 11, 0, tzinfo=zoneinfo.ZoneInfo(key='America/New_York')),
      'source': 'nyiso.com',
      'sourceType': <EventSourceType.forecasted: 'forecasted'>,
      'zoneKey': 'US-NY-NYIS',
    }),
    dict({
      'consumption': 19449.0,
      'datetime': FakeDatetime(2025, 2, 19, 12, 0, tzinfo=zoneinfo.ZoneInfo(key='America/New_York')),
      'source': 'nyiso.com',
      'sourceType': <EventSourceType.forecasted: 'forecasted'>,
      'zoneKey': 'US-NY-NYIS',
    }),
    dict({
      'consumption': 19439.0,
      'datetime': FakeDatetime(2025, 2, 19, 13, 0, tzinfo=zoneinfo.ZoneInfo(key='America/New_York')),
      'source': 'nyiso.com',
      'sourceType': <EventSourceType.forecasted: 'forecasted'>,
      'zoneKey': 'US-NY-NYIS',
    }),
    dict({
      'consumption': 19519.0,
      'datetime': FakeDatetime(2025, 2, 19, 14, 0, tzinfo=zoneinfo.ZoneInfo(key='America/New_York')),
      'source': 'nyiso.com',
      'sourceType': <EventSourceType.forecasted: 'forecasted'>,
      'zoneKey': 'US-NY-NYIS',
    }),
    dict({
      'consumption': 20000.0,
      'datetime': FakeDatetime(2025, 2, 19, 15, 0, tzinfo=zoneinfo.ZoneInfo(key='America/New_York')),
      'source': 'nyiso.com',
      'sourceType': <EventSourceType.forecasted: 'forecasted'>,
      'zoneKey': 'US-NY-NYIS',
    }),
    dict({
      'consumption': 20709.0,
      'datetime': FakeDatetime(2025, 2, 19, 16, 0, tzinfo=zoneinfo.ZoneInfo(key='America/New_York')),
      'source': 'nyiso.com',
      'sourceType': <EventSourceType.forecasted: 'forecasted'>,
      'zoneKey': 'US-NY-NYIS',
    }),
    dict({
      'consumption': 21464.0,
      'datetime': FakeDatetime(2025, 2, 19, 17, 0, tzinfo=zoneinfo.ZoneInfo(key='America/New_York')),
      'source': 'nyiso.com',
      'sourceType': <EventSourceType.forecasted: 'forecasted'>,
      'zoneKey': 'US-NY-NYIS',
    }),
    dict({
      'consumption': 21915.0,
      'datetime': FakeDatetime(2025, 2, 19, 18, 0, tzinfo=zoneinfo.ZoneInfo(key='America/New_York')),
      'source': 'nyiso.com',
      'sourceType': <EventSourceType.forecasted: 'forecasted'>,
      'zoneKey': 'US-NY-NYIS',
    }),
    dict({
      'consumption': 21708.0,
      'datetime': FakeDatetime(2025, 2, 19, 19, 0, tzinfo=zoneinfo.ZoneInfo(key='America/New_York')),
      'source': 'nyiso.com',
      'sourceType': <EventSourceType.forecasted: 'forecasted'>,
      'zoneKey': 'US-NY-NYIS',
    }),
    dict({
      'consumption': 21196.0,
      'datetime': FakeDatetime(2025, 2, 19, 20, 0, tzinfo=zoneinfo.ZoneInfo(key='America/New_York')),
      'source': 'nyiso.com',
      'sourceType': <EventSourceType.forecasted: 'forecasted'>,
      'zoneKey': 'US-NY-NYIS',
    }),
    dict({
      'consumption': 20428.0,
      'datetime': FakeDatetime(2025, 2, 19, 21, 0, tzinfo=zoneinfo.ZoneInfo(key='America/New_York')),
      'source': 'nyiso.com',
      'sourceType': <EventSourceType.forecasted: 'forecasted'>,
      'zoneKey': 'US-NY-NYIS',
    }),
    dict({
      'consumption': 19434.0,
      'datetime': FakeDatetime(2025, 2, 19, 22, 0, tzinfo=zoneinfo.ZoneInfo(key='America/New_York')),
      'source': 'nyiso.com',
      'sourceType': <EventSourceType.forecasted: 'forecasted'>,
      'zoneKey': 'US-NY-NYIS',
    }),
    dict({
      'consumption': 18493.0,
      'datetime': FakeDatetime(2025, 2, 19, 23, 0, tzinfo=zoneinfo.ZoneInfo(key='America/New_York')),
      'source': 'nyiso.com',
      'sourceType': <EventSourceType.forecasted: 'forecasted'>,
      'zoneKey': 'US-NY-NYIS',
    }),
    dict({
      'consumption': 17709.0,
      'datetime': FakeDatetime(2025, 2, 20, 0, 0, tzinfo=zoneinfo.ZoneInfo(key='America/New_York')),
      'source': 'nyiso.com',
      'sourceType': <EventSourceType.forecasted: 'forecasted'>,
      'zoneKey': 'US-NY-NYIS',
    }),
    dict({
      'consumption': 17303.0,
      'datetime': FakeDatetime(2025, 2, 20, 1, 0, tzinfo=zoneinfo.ZoneInfo(key='America/New_York')),
      'source': 'nyiso.com',
      'sourceType': <EventSourceType.forecasted: 'forecasted'>,
      'zoneKey': 'US-NY-NYIS',
    }),
    dict({
      'consumption': 17066.0,
      'datetime': FakeDatetime(2025, 2, 20, 2, 0, tzinfo=zoneinfo.ZoneInfo(key='America/New_York')),
      'source': 'nyiso.com',
      'sourceType': <EventSourceType.forecasted: 'forecasted'>,
      'zoneKey': 'US-NY-NYIS',
    }),
    dict({
      'consumption': 16992.0,
      'datetime': FakeDatetime(2025, 2, 20, 3, 0, tzinfo=zoneinfo.ZoneInfo(key='America/New_York')),
      'source': 'nyiso.com',
      'sourceType': <EventSourceType.forecasted: 'forecasted'>,
      'zoneKey': 'US-NY-NYIS',
    }),
    dict({
      'consumption': 17233.0,
      'datetime': FakeDatetime(2025, 2, 20, 4, 0, tzinfo=zoneinfo.ZoneInfo(key='America/New_York')),
      'source': 'nyiso.com',
      'sourceType': <EventSourceType.forecasted: 'forecasted'>,
      'zoneKey': 'US-NY-NYIS',
    }),
    dict({
      'consumption': 17988.0,
      'datetime': FakeDatetime(2025, 2, 20, 5, 0, tzinfo=zoneinfo.ZoneInfo(key='America/New_York')),
      'source': 'nyiso.com',
      'sourceType': <EventSourceType.forecasted: 'forecasted'>,
      'zoneKey': 'US-NY-NYIS',
    }),
    dict({
      'consumption': 19289.0,
      'datetime': FakeDatetime(2025, 2, 20, 6, 0, tzinfo=zoneinfo.ZoneInfo(key='America/New_York')),
      'source': 'nyiso.com',
      'sourceType': <EventSourceType.forecasted: 'forecasted'>,
      'zoneKey': 'US-NY-NYIS',
    }),
    dict({
      'consumption': 20267.0,
      'datetime': FakeDatetime(2025, 2, 20, 7, 0, tzinfo=zoneinfo.ZoneInfo(key='America/New_York')),
      'source': 'nyiso.com',
      'sourceType': <EventSourceType.forecasted: 'forecasted'>,
      'zoneKey': 'US-NY-NYIS',
    }),
    dict({
      'consumption': 20657.0,
      'datetime': FakeDatetime(2025, 2, 20, 8, 0, tzinfo=zoneinfo.ZoneInfo(key='America/New_York')),
      'source': 'nyiso.com',
      'sourceType': <EventSourceType.forecasted: 'forecasted'>,
      'zoneKey': 'US-NY-NYIS',
    }),
    dict({
      'consumption': 20740.0,
      'datetime': FakeDatetime(2025, 2, 20, 9, 0, tzinfo=zoneinfo.ZoneInfo(key='America/New_York')),
      'source': 'nyiso.com',
      'sourceType': <EventSourceType.forecasted: 'forecasted'>,
      'zoneKey': 'US-NY-NYIS',
    }),
    dict({
      'consumption': 20688.0,
      'datetime': FakeDatetime(2025, 2, 20, 10, 0, tzinfo=zoneinfo.ZoneInfo(key='America/New_York')),
      'source': 'nyiso.com',
      'sourceType': <EventSourceType.forecasted: 'forecasted'>,
      'zoneKey': 'US-NY-NYIS',
    }),
    dict({
      'consumption': 20513.0,
      'datetime': FakeDatetime(2025, 2, 20, 11, 0, tzinfo=zoneinfo.ZoneInfo(key='America/New_York')),
      'source': 'nyiso.com',
      'sourceType': <EventSourceType.forecasted: 'forecasted'>,
      'zoneKey': 'US-NY-NYIS',
    }),
    dict({
      'consumption': 20303.0,
      'datetime': FakeDatetime(2025, 2, 20, 12, 0, tzinfo=zoneinfo.ZoneInfo(key='America/New_York')),
      'source': 'nyiso.com',
      'sourceType': <EventSourceType.forecasted: 'forecasted'>,
      'zoneKey': 'US-NY-NYIS',
    }),
    dict({
      'consumption': 20183.0,
      'datetime': FakeDatetime(2025, 2, 20, 13, 0, tzinfo=zoneinfo.ZoneInfo(key='America/New_York')),
      'source': 'nyiso.com',
      'sourceType': <EventSourceType.forecasted: 'forecasted'>,
      'zoneKey': 'US-NY-NYIS',
    }),
    dict({
      'consumption': 20105.0,
      'datetime': FakeDatetime(2025, 2, 20, 14, 0, tzinfo=zoneinfo.ZoneInfo(key='America/New_York')),
      'source': 'nyiso.com',
      'sourceType': <EventSourceType.forecasted: 'forecasted'>,
      'zoneKey': 'US-NY-NYIS',
    }),
    dict({
      'consumption': 20293.0,
      'datetime': FakeDatetime(2025, 2, 20, 15, 0, tzinfo=zoneinfo.ZoneInfo(key='America/New_York')),
      'source': 'nyiso.com',
      'sourceType': <EventSourceType.forecasted: 'forecasted'>,
      'zoneKey': 'US-NY-NYIS',
    }),
    dict({
      'consumption': 20700.0,
      'datetime': FakeDatetime(2025, 2, 20, 16, 0, tzinfo=zoneinfo.ZoneInfo(key='America/New_York')),
      'source': 'nyiso.com',
      'sourceType': <EventSourceType.forecasted: 'forecasted'>,
      'zoneKey': 'US-NY-NYIS',
    }),
    dict({
      'consumption': 21269.0,
      'datetime': FakeDatetime(2025, 2, 20, 17, 0, tzinfo=zoneinfo.ZoneInfo(key='America/New_York')),
      'source': 'nyiso.com',
      'sourceType': <EventSourceType.forecasted: 'forecasted'>,
      'zoneKey': 'US-NY-NYIS',
    }),
    dict({
      'consumption': 21657.0,
      'datetime': FakeDatetime(2025, 2, 20, 18, 0, tzinfo=zoneinfo.ZoneInfo(key='America/New_York')),
      'source': 'nyiso.com',
      'sourceType': <EventSourceType.forecasted: 'forecasted'>,
      'zoneKey': 'US-NY-NYIS',
    }),
    dict({
      'consumption': 21445.0,
      'datetime': FakeDatetime(2025, 2, 20, 19, 0, tzinfo=zoneinfo.ZoneInfo(key='America/New_York')),
      'source': 'nyiso.com',
      'sourceType': <EventSourceType.forecasted: 'forecasted'>,
      'zoneKey': 'US-NY-NYIS',
    }),
    dict({
      'consumption': 20916.0,
      'datetime': FakeDatetime(2025, 2, 20, 20, 0, tzinfo=zoneinfo.ZoneInfo(key='America/New_York')),
      'source': 'nyiso.com',
      'sourceType': <EventSourceType.forecasted: 'forecasted'>,
      'zoneKey': 'US-NY-NYIS',
    }),
    dict({
      'consumption': 20137.0,
      'datetime': FakeDatetime(2025, 2, 20, 21, 0, tzinfo=zoneinfo.ZoneInfo(key='America/New_York')),
      'source': 'nyiso.com',
      'sourceType': <EventSourceType.forecasted: 'forecasted'>,
      'zoneKey': 'US-NY-NYIS',
    }),
    dict({
      'consumption': 19137.0,
      'datetime': FakeDatetime(2025, 2, 20, 22, 0, tzinfo=zoneinfo.ZoneInfo(key='America/New_York')),
      'source': 'nyiso.com',
      'sourceType': <EventSourceType.forecasted: 'forecasted'>,
      'zoneKey': 'US-NY-NYIS',
    }),
    dict({
      'consumption': 18202.0,
      'datetime': FakeDatetime(2025, 2, 20, 23, 0, tzinfo=zoneinfo.ZoneInfo(key='America/New_York')),
      'source': 'nyiso.com',
      'sourceType': <EventSourceType.forecasted: 'forecasted'>,
      'zoneKey': 'US-NY-NYIS',
    }),
    dict({
      'consumption': 17425.0,
      'datetime': FakeDatetime(2025, 2, 21, 0, 0, tzinfo=zoneinfo.ZoneInfo(key='America/New_York')),
      'source': 'nyiso.com',
      'sourceType': <EventSourceType.forecasted: 'forecasted'>,
      'zoneKey': 'US-NY-NYIS',
    }),
    dict({
      'consumption': 16978.0,
      'datetime': FakeDatetime(2025, 2, 21, 1, 0, tzinfo=zoneinfo.ZoneInfo(key='America/New_York')),
      'source': 'nyiso.com',
      'sourceType': <EventSourceType.forecasted: 'forecasted'>,
      'zoneKey': 'US-NY-NYIS',
    }),
    dict({
      'consumption': 16708.0,
      'datetime': FakeDatetime(2025, 2, 21, 2, 0, tzinfo=zoneinfo.ZoneInfo(key='America/New_York')),
      'source': 'nyiso.com',
      'sourceType': <EventSourceType.forecasted: 'forecasted'>,
      'zoneKey': 'US-NY-NYIS',
    }),
    dict({
      'consumption': 16607.0,
      'datetime': FakeDatetime(2025, 2, 21, 3, 0, tzinfo=zoneinfo.ZoneInfo(key='America/New_York')),
      'source': 'nyiso.com',
      'sourceType': <EventSourceType.forecasted: 'forecasted'>,
      'zoneKey': 'US-NY-NYIS',
    }),
    dict({
      'consumption': 16831.0,
      'datetime': FakeDatetime(2025, 2, 21, 4, 0, tzinfo=zoneinfo.ZoneInfo(key='America/New_York')),
      'source': 'nyiso.com',
      'sourceType': <EventSourceType.forecasted: 'forecasted'>,
      'zoneKey': 'US-NY-NYIS',
    }),
    dict({
      'consumption': 17560.0,
      'datetime': FakeDatetime(2025, 2, 21, 5, 0, tzinfo=zoneinfo.ZoneInfo(key='America/New_York')),
      'source': 'nyiso.com',
      'sourceType': <EventSourceType.forecasted: 'forecasted'>,
      'zoneKey': 'US-NY-NYIS',
    }),
    dict({
      'consumption': 18857.0,
      'datetime': FakeDatetime(2025, 2, 21, 6, 0, tzinfo=zoneinfo.ZoneInfo(key='America/New_York')),
      'source': 'nyiso.com',
      'sourceType': <EventSourceType.forecasted: 'forecasted'>,
      'zoneKey': 'US-NY-NYIS',
    }),
    dict({
      'consumption': 19735.0,
      'datetime': FakeDatetime(2025, 2, 21, 7, 0, tzinfo=zoneinfo.ZoneInfo(key='America/New_York')),
      'source': 'nyiso.com',
      'sourceType': <EventSourceType.forecasted: 'forecasted'>,
      'zoneKey': 'US-NY-NYIS',
    }),
    dict({
      'consumption': 19824.0,
      'datetime': FakeDatetime(2025, 2, 21, 8, 0, tzinfo=zoneinfo.ZoneInfo(key='America/New_York')),
      'source': 'nyiso.com',
      'sourceType': <EventSourceType.forecasted: 'forecasted'>,
      'zoneKey': 'US-NY-NYIS',
    }),
    dict({
      'consumption': 19501.0,
      'datetime': FakeDatetime(2025, 2, 21, 9, 0, tzinfo=zoneinfo.ZoneInfo(key='America/New_York')),
      'source': 'nyiso.com',
      'sourceType': <EventSourceType.forecasted: 'forecasted'>,
      'zoneKey': 'US-NY-NYIS',
    }),
    dict({
      'consumption': 19081.0,
      'datetime': FakeDatetime(2025, 2, 21, 10, 0, tzinfo=zoneinfo.ZoneInfo(key='America/New_York')),
      'source': 'nyiso.com',
      'sourceType': <EventSourceType.forecasted: 'forecasted'>,
      'zoneKey': 'US-NY-NYIS',
    }),
    dict({
      'consumption': 18646.0,
      'datetime': FakeDatetime(2025, 2, 21, 11, 0, tzinfo=zoneinfo.ZoneInfo(key='America/New_York')),
      'source': 'nyiso.com',
      'sourceType': <EventSourceType.forecasted: 'forecasted'>,
      'zoneKey': 'US-NY-NYIS',
    }),
    dict({
      'consumption': 18272.0,
      'datetime': FakeDatetime(2025, 2, 21, 12, 0, tzinfo=zoneinfo.ZoneInfo(key='America/New_York')),
      'source': 'nyiso.com',
      'sourceType': <EventSourceType.forecasted: 'forecasted'>,
      'zoneKey': 'US-NY-NYIS',
    }),
    dict({
      'consumption': 17751.0,
      'datetime': FakeDatetime(2025, 2, 21, 13, 0, tzinfo=zoneinfo.ZoneInfo(key='America/New_York')),
      'source': 'nyiso.com',
      'sourceType': <EventSourceType.forecasted: 'forecasted'>,
      'zoneKey': 'US-NY-NYIS',
    }),
    dict({
      'consumption': 17892.0,
      'datetime': FakeDatetime(2025, 2, 21, 14, 0, tzinfo=zoneinfo.ZoneInfo(key='America/New_York')),
      'source': 'nyiso.com',
      'sourceType': <EventSourceType.forecasted: 'forecasted'>,
      'zoneKey': 'US-NY-NYIS',
    }),
    dict({
      'consumption': 18518.0,
      'datetime': FakeDatetime(2025, 2, 21, 15, 0, tzinfo=zoneinfo.ZoneInfo(key='America/New_York')),
      'source': 'nyiso.com',
      'sourceType': <EventSourceType.forecasted: 'forecasted'>,
      'zoneKey': 'US-NY-NYIS',
    }),
    dict({
      'consumption': 19466.0,
      'datetime': FakeDatetime(2025, 2, 21, 16, 0, tzinfo=zoneinfo.ZoneInfo(key='America/New_York')),
      'source': 'nyiso.com',
      'sourceType': <EventSourceType.forecasted: 'forecasted'>,
      'zoneKey': 'US-NY-NYIS',
    }),
    dict({
      'consumption': 20278.0,
      'datetime': FakeDatetime(2025, 2, 21, 17, 0, tzinfo=zoneinfo.ZoneInfo(key='America/New_York')),
      'source': 'nyiso.com',
      'sourceType': <EventSourceType.forecasted: 'forecasted'>,
      'zoneKey': 'US-NY-NYIS',
    }),
    dict({
      'consumption': 20695.0,
      'datetime': FakeDatetime(2025, 2, 21, 18, 0, tzinfo=zoneinfo.ZoneInfo(key='America/New_York')),
      'source': 'nyiso.com',
      'sourceType': <EventSourceType.forecasted: 'forecasted'>,
      'zoneKey': 'US-NY-NYIS',
    }),
    dict({
      'consumption': 20489.0,
      'datetime': FakeDatetime(2025, 2, 21, 19, 0, tzinfo=zoneinfo.ZoneInfo(key='America/New_York')),
      'source': 'nyiso.com',
      'sourceType': <EventSourceType.forecasted: 'forecasted'>,
      'zoneKey': 'US-NY-NYIS',
    }),
    dict({
      'consumption': 20028.0,
      'datetime': FakeDatetime(2025, 2, 21, 20, 0, tzinfo=zoneinfo.ZoneInfo(key='America/New_York')),
      'source': 'nyiso.com',
      'sourceType': <EventSourceType.forecasted: 'forecasted'>,
      'zoneKey': 'US-NY-NYIS',
    }),
    dict({
      'consumption': 19458.0,
      'datetime': FakeDatetime(2025, 2, 21, 21, 0, tzinfo=zoneinfo.ZoneInfo(key='America/New_York')),
      'source': 'nyiso.com',
      'sourceType': <EventSourceType.forecasted: 'forecasted'>,
      'zoneKey': 'US-NY-NYIS',
    }),
    dict({
      'consumption': 18719.0,
      'datetime': FakeDatetime(2025, 2, 21, 22, 0, tzinfo=zoneinfo.ZoneInfo(key='America/New_York')),
      'source': 'nyiso.com',
      'sourceType': <EventSourceType.forecasted: 'forecasted'>,
      'zoneKey': 'US-NY-NYIS',
    }),
    dict({
      'consumption': 17944.0,
      'datetime': FakeDatetime(2025, 2, 21, 23, 0, tzinfo=zoneinfo.ZoneInfo(key='America/New_York')),
      'source': 'nyiso.com',
      'sourceType': <EventSourceType.forecasted: 'forecasted'>,
      'zoneKey': 'US-NY-NYIS',
    }),
    dict({
      'consumption': 17239.0,
      'datetime': FakeDatetime(2025, 2, 22, 0, 0, tzinfo=zoneinfo.ZoneInfo(key='America/New_York')),
      'source': 'nyiso.com',
      'sourceType': <EventSourceType.forecasted: 'forecasted'>,
      'zoneKey': 'US-NY-NYIS',
    }),
    dict({
      'consumption': 16833.0,
      'datetime': FakeDatetime(2025, 2, 22, 1, 0, tzinfo=zoneinfo.ZoneInfo(key='America/New_York')),
      'source': 'nyiso.com',
      'sourceType': <EventSourceType.forecasted: 'forecasted'>,
      'zoneKey': 'US-NY-NYIS',
    }),
    dict({
      'consumption': 16588.0,
      'datetime': FakeDatetime(2025, 2, 22, 2, 0, tzinfo=zoneinfo.ZoneInfo(key='America/New_York')),
      'source': 'nyiso.com',
      'sourceType': <EventSourceType.forecasted: 'forecasted'>,
      'zoneKey': 'US-NY-NYIS',
    }),
    dict({
      'consumption': 16466.0,
      'datetime': FakeDatetime(2025, 2, 22, 3, 0, tzinfo=zoneinfo.ZoneInfo(key='America/New_York')),
      'source': 'nyiso.com',
      'sourceType': <EventSourceType.forecasted: 'forecasted'>,
      'zoneKey': 'US-NY-NYIS',
    }),
    dict({
      'consumption': 16533.0,
      'datetime': FakeDatetime(2025, 2, 22, 4, 0, tzinfo=zoneinfo.ZoneInfo(key='America/New_York')),
      'source': 'nyiso.com',
      'sourceType': <EventSourceType.forecasted: 'forecasted'>,
      'zoneKey': 'US-NY-NYIS',
    }),
    dict({
      'consumption': 16861.0,
      'datetime': FakeDatetime(2025, 2, 22, 5, 0, tzinfo=zoneinfo.ZoneInfo(key='America/New_York')),
      'source': 'nyiso.com',
      'sourceType': <EventSourceType.forecasted: 'forecasted'>,
      'zoneKey': 'US-NY-NYIS',
    }),
    dict({
      'consumption': 17432.0,
      'datetime': FakeDatetime(2025, 2, 22, 6, 0, tzinfo=zoneinfo.ZoneInfo(key='America/New_York')),
      'source': 'nyiso.com',
      'sourceType': <EventSourceType.forecasted: 'forecasted'>,
      'zoneKey': 'US-NY-NYIS',
    }),
    dict({
      'consumption': 17882.0,
      'datetime': FakeDatetime(2025, 2, 22, 7, 0, tzinfo=zoneinfo.ZoneInfo(key='America/New_York')),
      'source': 'nyiso.com',
      'sourceType': <EventSourceType.forecasted: 'forecasted'>,
      'zoneKey': 'US-NY-NYIS',
    }),
    dict({
      'consumption': 18095.0,
      'datetime': FakeDatetime(2025, 2, 22, 8, 0, tzinfo=zoneinfo.ZoneInfo(key='America/New_York')),
      'source': 'nyiso.com',
      'sourceType': <EventSourceType.forecasted: 'forecasted'>,
      'zoneKey': 'US-NY-NYIS',
    }),
    dict({
      'consumption': 17965.0,
      'datetime': FakeDatetime(2025, 2, 22, 9, 0, tzinfo=zoneinfo.ZoneInfo(key='America/New_York')),
      'source': 'nyiso.com',
      'sourceType': <EventSourceType.forecasted: 'forecasted'>,
      'zoneKey': 'US-NY-NYIS',
    }),
    dict({
      'consumption': 17762.0,
      'datetime': FakeDatetime(2025, 2, 22, 10, 0, tzinfo=zoneinfo.ZoneInfo(key='America/New_York')),
      'source': 'nyiso.com',
      'sourceType': <EventSourceType.forecasted: 'forecasted'>,
      'zoneKey': 'US-NY-NYIS',
    }),
    dict({
      'consumption': 17618.0,
      'datetime': FakeDatetime(2025, 2, 22, 11, 0, tzinfo=zoneinfo.ZoneInfo(key='America/New_York')),
      'source': 'nyiso.com',
      'sourceType': <EventSourceType.forecasted: 'forecasted'>,
      'zoneKey': 'US-NY-NYIS',
    }),
    dict({
      'consumption': 17397.0,
      'datetime': FakeDatetime(2025, 2, 22, 12, 0, tzinfo=zoneinfo.ZoneInfo(key='America/New_York')),
      'source': 'nyiso.com',
      'sourceType': <EventSourceType.forecasted: 'forecasted'>,
      'zoneKey': 'US-NY-NYIS',
    }),
    dict({
      'consumption': 17234.0,
      'datetime': FakeDatetime(2025, 2, 22, 13, 0, tzinfo=zoneinfo.ZoneInfo(key='America/New_York')),
      'source': 'nyiso.com',
      'sourceType': <EventSourceType.forecasted: 'forecasted'>,
      'zoneKey': 'US-NY-NYIS',
    }),
    dict({
      'consumption': 17347.0,
      'datetime': FakeDatetime(2025, 2, 22, 14, 0, tzinfo=zoneinfo.ZoneInfo(key='America/New_York')),
      'source': 'nyiso.com',
      'sourceType': <EventSourceType.forecasted: 'forecasted'>,
      'zoneKey': 'US-NY-NYIS',
    }),
    dict({
      'consumption': 17866.0,
      'datetime': FakeDatetime(2025, 2, 22, 15, 0, tzinfo=zoneinfo.ZoneInfo(key='America/New_York')),
      'source': 'nyiso.com',
      'sourceType': <EventSourceType.forecasted: 'forecasted'>,
      'zoneKey': 'US-NY-NYIS',
    }),
    dict({
      'consumption': 18692.0,
      'datetime': FakeDatetime(2025, 2, 22, 16, 0, tzinfo=zoneinfo.ZoneInfo(key='America/New_York')),
      'source': 'nyiso.com',
      'sourceType': <EventSourceType.forecasted: 'forecasted'>,
      'zoneKey': 'US-NY-NYIS',
    }),
    dict({
      'consumption': 19308.0,
      'datetime': FakeDatetime(2025, 2, 22, 17, 0, tzinfo=zoneinfo.ZoneInfo(key='America/New_York')),
      'source': 'nyiso.com',
      'sourceType': <EventSourceType.forecasted: 'forecasted'>,
      'zoneKey': 'US-NY-NYIS',
    }),
    dict({
      'consumption': 19802.0,
      'datetime': FakeDatetime(2025, 2, 22, 18, 0, tzinfo=zoneinfo.ZoneInfo(key='America/New_York')),
      'source': 'nyiso.com',
      'sourceType': <EventSourceType.forecasted: 'forecasted'>,
      'zoneKey': 'US-NY-NYIS',
    }),
    dict({
      'consumption': 19700.0,
      'datetime': FakeDatetime(2025, 2, 22, 19, 0, tzinfo=zoneinfo.ZoneInfo(key='America/New_York')),
      'source': 'nyiso.com',
      'sourceType': <EventSourceType.forecasted: 'forecasted'>,
      'zoneKey': 'US-NY-NYIS',
    }),
    dict({
      'consumption': 19373.0,
      'datetime': FakeDatetime(2025, 2, 22, 20, 0, tzinfo=zoneinfo.ZoneInfo(key='America/New_York')),
      'source': 'nyiso.com',
      'sourceType': <EventSourceType.forecasted: 'forecasted'>,
      'zoneKey': 'US-NY-NYIS',
    }),
    dict({
      'consumption': 18869.0,
      'datetime': FakeDatetime(2025, 2, 22, 21, 0, tzinfo=zoneinfo.ZoneInfo(key='America/New_York')),
      'source': 'nyiso.com',
      'sourceType': <EventSourceType.forecasted: 'forecasted'>,
      'zoneKey': 'US-NY-NYIS',
    }),
    dict({
      'consumption': 18256.0,
      'datetime': FakeDatetime(2025, 2, 22, 22, 0, tzinfo=zoneinfo.ZoneInfo(key='America/New_York')),
      'source': 'nyiso.com',
      'sourceType': <EventSourceType.forecasted: 'forecasted'>,
      'zoneKey': 'US-NY-NYIS',
    }),
    dict({
      'consumption': 17602.0,
      'datetime': FakeDatetime(2025, 2, 22, 23, 0, tzinfo=zoneinfo.ZoneInfo(key='America/New_York')),
      'source': 'nyiso.com',
      'sourceType': <EventSourceType.forecasted: 'forecasted'>,
      'zoneKey': 'US-NY-NYIS',
    }),
    dict({
      'consumption': 16969.0,
      'datetime': FakeDatetime(2025, 2, 23, 0, 0, tzinfo=zoneinfo.ZoneInfo(key='America/New_York')),
      'source': 'nyiso.com',
      'sourceType': <EventSourceType.forecasted: 'forecasted'>,
      'zoneKey': 'US-NY-NYIS',
    }),
    dict({
      'consumption': 16577.0,
      'datetime': FakeDatetime(2025, 2, 23, 1, 0, tzinfo=zoneinfo.ZoneInfo(key='America/New_York')),
      'source': 'nyiso.com',
      'sourceType': <EventSourceType.forecasted: 'forecasted'>,
      'zoneKey': 'US-NY-NYIS',
    }),
    dict({
      'consumption': 16328.0,
      'datetime': FakeDatetime(2025, 2, 23, 2, 0, tzinfo=zoneinfo.ZoneInfo(key='America/New_York')),
      'source': 'nyiso.com',
      'sourceType': <EventSourceType.forecasted: 'forecasted'>,
      'zoneKey': 'US-NY-NYIS',
    }),
    dict({
      'consumption': 16206.0,
      'datetime': FakeDatetime(2025, 2, 23, 3, 0, tzinfo=zoneinfo.ZoneInfo(key='America/New_York')),
      'source': 'nyiso.com',
      'sourceType': <EventSourceType.forecasted: 'forecasted'>,
      'zoneKey': 'US-NY-NYIS',
    }),
    dict({
      'consumption': 16257.0,
      'datetime': FakeDatetime(2025, 2, 23, 4, 0, tzinfo=zoneinfo.ZoneInfo(key='America/New_York')),
      'source': 'nyiso.com',
      'sourceType': <EventSourceType.forecasted: 'forecasted'>,
      'zoneKey': 'US-NY-NYIS',
    }),
    dict({
      'consumption': 16515.0,
      'datetime': FakeDatetime(2025, 2, 23, 5, 0, tzinfo=zoneinfo.ZoneInfo(key='America/New_York')),
      'source': 'nyiso.com',
      'sourceType': <EventSourceType.forecasted: 'forecasted'>,
      'zoneKey': 'US-NY-NYIS',
    }),
    dict({
      'consumption': 16957.0,
      'datetime': FakeDatetime(2025, 2, 23, 6, 0, tzinfo=zoneinfo.ZoneInfo(key='America/New_York')),
      'source': 'nyiso.com',
      'sourceType': <EventSourceType.forecasted: 'forecasted'>,
      'zoneKey': 'US-NY-NYIS',
    }),
    dict({
      'consumption': 17303.0,
      'datetime': FakeDatetime(2025, 2, 23, 7, 0, tzinfo=zoneinfo.ZoneInfo(key='America/New_York')),
      'source': 'nyiso.com',
      'sourceType': <EventSourceType.forecasted: 'forecasted'>,
      'zoneKey': 'US-NY-NYIS',
    }),
    dict({
      'consumption': 17446.0,
      'datetime': FakeDatetime(2025, 2, 23, 8, 0, tzinfo=zoneinfo.ZoneInfo(key='America/New_York')),
      'source': 'nyiso.com',
      'sourceType': <EventSourceType.forecasted: 'forecasted'>,
      'zoneKey': 'US-NY-NYIS',
    }),
    dict({
      'consumption': 17212.0,
      'datetime': FakeDatetime(2025, 2, 23, 9, 0, tzinfo=zoneinfo.ZoneInfo(key='America/New_York')),
      'source': 'nyiso.com',
      'sourceType': <EventSourceType.forecasted: 'forecasted'>,
      'zoneKey': 'US-NY-NYIS',
    }),
    dict({
      'consumption': 16898.0,
      'datetime': FakeDatetime(2025, 2, 23, 10, 0, tzinfo=zoneinfo.ZoneInfo(key='America/New_York')),
      'source': 'nyiso.com',
      'sourceType': <EventSourceType.forecasted: 'forecasted'>,
      'zoneKey': 'US-NY-NYIS',
    }),
    dict({
      'consumption': 16704.0,
      'datetime': FakeDatetime(2025, 2, 23, 11, 0, tzinfo=zoneinfo.ZoneInfo(key='America/New_York')),
      'source': 'nyiso.com',
      'sourceType': <EventSourceType.forecasted: 'forecasted'>,
      'zoneKey': 'US-NY-NYIS',
    }),
    dict({
      'consumption': 16492.0,
      'datetime': FakeDatetime(2025, 2, 23, 12, 0, tzinfo=zoneinfo.ZoneInfo(key='America/New_York')),
      'source': 'nyiso.com',
      'sourceType': <EventSourceType.forecasted: 'forecasted'>,
      'zoneKey': 'US-NY-NYIS',
    }),
    dict({
      'consumption': 16415.0,
      'datetime': FakeDatetime(2025, 2, 23, 13, 0, tzinfo=zoneinfo.ZoneInfo(key='America/New_York')),
      'source': 'nyiso.com',
      'sourceType': <EventSourceType.forecasted: 'forecasted'>,
      'zoneKey': 'US-NY-NYIS',
    }),
    dict({
      'consumption': 16647.0,
      'datetime': FakeDatetime(2025, 2, 23, 14, 0, tzinfo=zoneinfo.ZoneInfo(key='America/New_York')),
      'source': 'nyiso.com',
      'sourceType': <EventSourceType.forecasted: 'forecasted'>,
      'zoneKey': 'US-NY-NYIS',
    }),
    dict({
      'consumption': 17367.0,
      'datetime': FakeDatetime(2025, 2, 23, 15, 0, tzinfo=zoneinfo.ZoneInfo(key='America/New_York')),
      'source': 'nyiso.com',
      'sourceType': <EventSourceType.forecasted: 'forecasted'>,
      'zoneKey': 'US-NY-NYIS',
    }),
    dict({
      'consumption': 18411.0,
      'datetime': FakeDatetime(2025, 2, 23, 16, 0, tzinfo=zoneinfo.ZoneInfo(key='America/New_York')),
      'source': 'nyiso.com',
      'sourceType': <EventSourceType.forecasted: 'forecasted'>,
      'zoneKey': 'US-NY-NYIS',
    }),
    dict({
      'consumption': 19227.0,
      'datetime': FakeDatetime(2025, 2, 23, 17, 0, tzinfo=zoneinfo.ZoneInfo(key='America/New_York')),
      'source': 'nyiso.com',
      'sourceType': <EventSourceType.forecasted: 'forecasted'>,
      'zoneKey': 'US-NY-NYIS',
    }),
    dict({
      'consumption': 19820.0,
      'datetime': FakeDatetime(2025, 2, 23, 18, 0, tzinfo=zoneinfo.ZoneInfo(key='America/New_York')),
      'source': 'nyiso.com',
      'sourceType': <EventSourceType.forecasted: 'forecasted'>,
      'zoneKey': 'US-NY-NYIS',
    }),
    dict({
      'consumption': 19706.0,
      'datetime': FakeDatetime(2025, 2, 23, 19, 0, tzinfo=zoneinfo.ZoneInfo(key='America/New_York')),
      'source': 'nyiso.com',
      'sourceType': <EventSourceType.forecasted: 'forecasted'>,
      'zoneKey': 'US-NY-NYIS',
    }),
    dict({
      'consumption': 19339.0,
      'datetime': FakeDatetime(2025, 2, 23, 20, 0, tzinfo=zoneinfo.ZoneInfo(key='America/New_York')),
      'source': 'nyiso.com',
      'sourceType': <EventSourceType.forecasted: 'forecasted'>,
      'zoneKey': 'US-NY-NYIS',
    }),
    dict({
      'consumption': 18749.0,
      'datetime': FakeDatetime(2025, 2, 23, 21, 0, tzinfo=zoneinfo.ZoneInfo(key='America/New_York')),
      'source': 'nyiso.com',
      'sourceType': <EventSourceType.forecasted: 'forecasted'>,
      'zoneKey': 'US-NY-NYIS',
    }),
    dict({
      'consumption': 18040.0,
      'datetime': FakeDatetime(2025, 2, 23, 22, 0, tzinfo=zoneinfo.ZoneInfo(key='America/New_York')),
      'source': 'nyiso.com',
      'sourceType': <EventSourceType.forecasted: 'forecasted'>,
      'zoneKey': 'US-NY-NYIS',
    }),
    dict({
      'consumption': 17341.0,
      'datetime': FakeDatetime(2025, 2, 23, 23, 0, tzinfo=zoneinfo.ZoneInfo(key='America/New_York')),
      'source': 'nyiso.com',
      'sourceType': <EventSourceType.forecasted: 'forecasted'>,
      'zoneKey': 'US-NY-NYIS',
    }),
  ])
# ---
