# serializer version: 1
# name: test_snapshot_historical_data
  list([
    dict({
      'correctedModes': list([
      ]),
      'datetime': datetime.datetime(2024, 2, 23, 0, 0, tzinfo=zoneinfo.ZoneInfo(key='Chile/Continental')),
      'production': dict({
        'geothermal': 53.14,
        'hydro': 2700.906657,
        'solar': 100.000032,
        'unknown': 5268.170499,
        'wind': 1280.780885,
      }),
      'source': 'coordinador.cl',
      'sourceType': <EventSourceType.measured: 'measured'>,
      'storage': dict({
      }),
      'zoneKey': 'CL-SEN',
    }),
    dict({
      'correctedModes': list([
      ]),
      'datetime': datetime.datetime(2024, 2, 23, 1, 0, tzinfo=zoneinfo.ZoneInfo(key='Chile/Continental')),
      'production': dict({
        'geothermal': 53.26,
        'hydro': 2462.475625,
        'solar': 81.105925,
        'unknown': 5170.743269,
        'wind': 1189.91521,
      }),
      'source': 'coordinador.cl',
      'sourceType': <EventSourceType.measured: 'measured'>,
      'storage': dict({
      }),
      'zoneKey': 'CL-SEN',
    }),
    dict({
      'correctedModes': list([
      ]),
      'datetime': datetime.datetime(2024, 2, 23, 2, 0, tzinfo=zoneinfo.ZoneInfo(key='Chile/Continental')),
      'production': dict({
        'geothermal': 53.79,
        'hydro': 2379.239039,
        'solar': 8.300033,
        'unknown': 5117.478787,
        'wind': 1117.397269,
      }),
      'source': 'coordinador.cl',
      'sourceType': <EventSourceType.measured: 'measured'>,
      'storage': dict({
      }),
      'zoneKey': 'CL-SEN',
    }),
    dict({
      'correctedModes': list([
      ]),
      'datetime': datetime.datetime(2024, 2, 23, 3, 0, tzinfo=zoneinfo.ZoneInfo(key='Chile/Continental')),
      'production': dict({
        'geothermal': 54.38,
        'hydro': 2354.243241,
        'solar': 59.902852,
        'unknown': 5094.783766,
        'wind': 1090.907371,
      }),
      'source': 'coordinador.cl',
      'sourceType': <EventSourceType.measured: 'measured'>,
      'storage': dict({
      }),
      'zoneKey': 'CL-SEN',
    }),
    dict({
      'correctedModes': list([
      ]),
      'datetime': datetime.datetime(2024, 2, 23, 4, 0, tzinfo=zoneinfo.ZoneInfo(key='Chile/Continental')),
      'production': dict({
        'geothermal': 53.56,
        'hydro': 2283.744427,
        'solar': 120.724776,
        'unknown': 5087.732329,
        'wind': 1084.973849,
      }),
      'source': 'coordinador.cl',
      'sourceType': <EventSourceType.measured: 'measured'>,
      'storage': dict({
      }),
      'zoneKey': 'CL-SEN',
    }),
    dict({
      'correctedModes': list([
      ]),
      'datetime': datetime.datetime(2024, 2, 23, 5, 0, tzinfo=zoneinfo.ZoneInfo(key='Chile/Continental')),
      'production': dict({
        'geothermal': 53.56,
        'hydro': 2303.131467,
        'solar': 122.795107,
        'unknown': 5009.660575,
        'wind': 1155.499893,
      }),
      'source': 'coordinador.cl',
      'sourceType': <EventSourceType.measured: 'measured'>,
      'storage': dict({
      }),
      'zoneKey': 'CL-SEN',
    }),
    dict({
      'correctedModes': list([
      ]),
      'datetime': datetime.datetime(2024, 2, 23, 6, 0, tzinfo=zoneinfo.ZoneInfo(key='Chile/Continental')),
      'production': dict({
        'geothermal': 54.17,
        'hydro': 2410.308194,
        'solar': 125.61644,
        'unknown': 5045.755455,
        'wind': 1224.985927,
      }),
      'source': 'coordinador.cl',
      'sourceType': <EventSourceType.measured: 'measured'>,
      'storage': dict({
      }),
      'zoneKey': 'CL-SEN',
    }),
    dict({
      'correctedModes': list([
      ]),
      'datetime': datetime.datetime(2024, 2, 23, 7, 0, tzinfo=zoneinfo.ZoneInfo(key='Chile/Continental')),
      'production': dict({
        'geothermal': 54.96,
        'hydro': 2631.740156,
        'solar': 245.078277,
        'unknown': 4924.854536,
        'wind': 1302.988293,
      }),
      'source': 'coordinador.cl',
      'sourceType': <EventSourceType.measured: 'measured'>,
      'storage': dict({
      }),
      'zoneKey': 'CL-SEN',
    }),
    dict({
      'correctedModes': list([
      ]),
      'datetime': datetime.datetime(2024, 2, 23, 8, 0, tzinfo=zoneinfo.ZoneInfo(key='Chile/Continental')),
      'production': dict({
        'geothermal': 54.56,
        'hydro': 2611.38258,
        'solar': 2278.50336,
        'unknown': 3316.625734,
        'wind': 1288.618092,
      }),
      'source': 'coordinador.cl',
      'sourceType': <EventSourceType.measured: 'measured'>,
      'storage': dict({
      }),
      'zoneKey': 'CL-SEN',
    }),
    dict({
      'correctedModes': list([
      ]),
      'datetime': datetime.datetime(2024, 2, 23, 9, 0, tzinfo=zoneinfo.ZoneInfo(key='Chile/Continental')),
      'production': dict({
        'geothermal': 52.9,
        'hydro': 2576.73036,
        'solar': 4210.016137,
        'unknown': 2046.03737,
        'wind': 1075.449985,
      }),
      'source': 'coordinador.cl',
      'sourceType': <EventSourceType.measured: 'measured'>,
      'storage': dict({
      }),
      'zoneKey': 'CL-SEN',
    }),
    dict({
      'correctedModes': list([
      ]),
      'datetime': datetime.datetime(2024, 2, 23, 10, 0, tzinfo=zoneinfo.ZoneInfo(key='Chile/Continental')),
      'production': dict({
        'geothermal': 52.15,
        'hydro': 2319.68927,
        'solar': 5132.126592,
        'unknown': 1755.337808,
        'wind': 974.676364,
      }),
      'source': 'coordinador.cl',
      'sourceType': <EventSourceType.measured: 'measured'>,
      'storage': dict({
      }),
      'zoneKey': 'CL-SEN',
    }),
    dict({
      'correctedModes': list([
      ]),
      'datetime': datetime.datetime(2024, 2, 23, 11, 0, tzinfo=zoneinfo.ZoneInfo(key='Chile/Continental')),
      'production': dict({
        'geothermal': 49.11,
        'hydro': 2234.245319,
        'solar': 5484.558118,
        'unknown': 1696.242462,
        'wind': 932.930836,
      }),
      'source': 'coordinador.cl',
      'sourceType': <EventSourceType.measured: 'measured'>,
      'storage': dict({
      }),
      'zoneKey': 'CL-SEN',
    }),
    dict({
      'correctedModes': list([
      ]),
      'datetime': datetime.datetime(2024, 2, 23, 12, 0, tzinfo=zoneinfo.ZoneInfo(key='Chile/Continental')),
      'production': dict({
        'geothermal': 48.82,
        'hydro': 2172.62459,
        'solar': 5671.553406,
        'unknown': 1678.230359,
        'wind': 931.12142,
      }),
      'source': 'coordinador.cl',
      'sourceType': <EventSourceType.measured: 'measured'>,
      'storage': dict({
      }),
      'zoneKey': 'CL-SEN',
    }),
    dict({
      'correctedModes': list([
      ]),
      'datetime': datetime.datetime(2024, 2, 23, 13, 0, tzinfo=zoneinfo.ZoneInfo(key='Chile/Continental')),
      'production': dict({
        'geothermal': 49.19,
        'hydro': 2144.243675,
        'solar': 5578.896809,
        'unknown': 1736.036832,
        'wind': 1099.386722,
      }),
      'source': 'coordinador.cl',
      'sourceType': <EventSourceType.measured: 'measured'>,
      'storage': dict({
      }),
      'zoneKey': 'CL-SEN',
    }),
    dict({
      'correctedModes': list([
      ]),
      'datetime': datetime.datetime(2024, 2, 23, 14, 0, tzinfo=zoneinfo.ZoneInfo(key='Chile/Continental')),
      'production': dict({
        'geothermal': 46.03,
        'hydro': 2263.655016,
        'solar': 5422.101832,
        'unknown': 1778.553306,
        'wind': 1230.231538,
      }),
      'source': 'coordinador.cl',
      'sourceType': <EventSourceType.measured: 'measured'>,
      'storage': dict({
      }),
      'zoneKey': 'CL-SEN',
    }),
    dict({
      'correctedModes': list([
      ]),
      'datetime': datetime.datetime(2024, 2, 23, 15, 0, tzinfo=zoneinfo.ZoneInfo(key='Chile/Continental')),
      'production': dict({
        'geothermal': 42.12,
        'hydro': 2246.264277,
        'solar': 5389.586746,
        'unknown': 1751.539326,
        'wind': 1361.218869,
      }),
      'source': 'coordinador.cl',
      'sourceType': <EventSourceType.measured: 'measured'>,
      'storage': dict({
      }),
      'zoneKey': 'CL-SEN',
    }),
    dict({
      'correctedModes': list([
      ]),
      'datetime': datetime.datetime(2024, 2, 23, 16, 0, tzinfo=zoneinfo.ZoneInfo(key='Chile/Continental')),
      'production': dict({
        'geothermal': 42.29,
        'hydro': 2129.363594,
        'solar': 5202.744165,
        'unknown': 1878.335343,
        'wind': 1421.011156,
      }),
      'source': 'coordinador.cl',
      'sourceType': <EventSourceType.measured: 'measured'>,
      'storage': dict({
      }),
      'zoneKey': 'CL-SEN',
    }),
    dict({
      'correctedModes': list([
      ]),
      'datetime': datetime.datetime(2024, 2, 23, 17, 0, tzinfo=zoneinfo.ZoneInfo(key='Chile/Continental')),
      'production': dict({
        'geothermal': 43.37,
        'hydro': 2269.306443,
        'solar': 4613.716848,
        'unknown': 2089.748741,
        'wind': 1461.531899,
      }),
      'source': 'coordinador.cl',
      'sourceType': <EventSourceType.measured: 'measured'>,
      'storage': dict({
      }),
      'zoneKey': 'CL-SEN',
    }),
    dict({
      'correctedModes': list([
      ]),
      'datetime': datetime.datetime(2024, 2, 23, 18, 0, tzinfo=zoneinfo.ZoneInfo(key='Chile/Continental')),
      'production': dict({
        'geothermal': 42.92,
        'hydro': 2130.077228,
        'solar': 4030.796152,
        'unknown': 2880.643438,
        'wind': 1285.360625,
      }),
      'source': 'coordinador.cl',
      'sourceType': <EventSourceType.measured: 'measured'>,
      'storage': dict({
      }),
      'zoneKey': 'CL-SEN',
    }),
    dict({
      'correctedModes': list([
      ]),
      'datetime': datetime.datetime(2024, 2, 23, 19, 0, tzinfo=zoneinfo.ZoneInfo(key='Chile/Continental')),
      'production': dict({
        'geothermal': 49.96,
        'hydro': 2679.453131,
        'solar': 1850.659698,
        'unknown': 4302.627242,
        'wind': 1485.318669,
      }),
      'source': 'coordinador.cl',
      'sourceType': <EventSourceType.measured: 'measured'>,
      'storage': dict({
      }),
      'zoneKey': 'CL-SEN',
    }),
    dict({
      'correctedModes': list([
      ]),
      'datetime': datetime.datetime(2024, 2, 23, 20, 0, tzinfo=zoneinfo.ZoneInfo(key='Chile/Continental')),
      'production': dict({
        'geothermal': 52.22,
        'hydro': 3204.530755,
        'solar': 238.576226,
        'unknown': 5535.749833,
        'wind': 1607.077091,
      }),
      'source': 'coordinador.cl',
      'sourceType': <EventSourceType.measured: 'measured'>,
      'storage': dict({
      }),
      'zoneKey': 'CL-SEN',
    }),
    dict({
      'correctedModes': list([
      ]),
      'datetime': datetime.datetime(2024, 2, 23, 21, 0, tzinfo=zoneinfo.ZoneInfo(key='Chile/Continental')),
      'production': dict({
        'geothermal': 53.13,
        'hydro': 3339.080773,
        'solar': 183.033445,
        'unknown': 5590.121261,
        'wind': 1596.874509,
      }),
      'source': 'coordinador.cl',
      'sourceType': <EventSourceType.measured: 'measured'>,
      'storage': dict({
      }),
      'zoneKey': 'CL-SEN',
    }),
    dict({
      'correctedModes': list([
      ]),
      'datetime': datetime.datetime(2024, 2, 23, 22, 0, tzinfo=zoneinfo.ZoneInfo(key='Chile/Continental')),
      'production': dict({
        'geothermal': 53.31,
        'hydro': 3397.70348,
        'solar': 126.82,
        'unknown': 5451.267958,
        'wind': 1475.910419,
      }),
      'source': 'coordinador.cl',
      'sourceType': <EventSourceType.measured: 'measured'>,
      'storage': dict({
      }),
      'zoneKey': 'CL-SEN',
    }),
    dict({
      'correctedModes': list([
      ]),
      'datetime': datetime.datetime(2024, 2, 23, 23, 0, tzinfo=zoneinfo.ZoneInfo(key='Chile/Continental')),
      'production': dict({
        'geothermal': 54.39,
        'hydro': 3050.825042,
        'solar': 124.8,
        'unknown': 5427.384926,
        'wind': 1468.875217,
      }),
      'source': 'coordinador.cl',
      'sourceType': <EventSourceType.measured: 'measured'>,
      'storage': dict({
      }),
      'zoneKey': 'CL-SEN',
    }),
    dict({
      'correctedModes': list([
      ]),
      'datetime': datetime.datetime(2024, 2, 24, 0, 0, tzinfo=zoneinfo.ZoneInfo(key='Chile/Continental')),
      'production': dict({
        'geothermal': 55.44,
        'hydro': 2921.135053,
        'solar': 97.9,
        'unknown': 5242.05276,
        'wind': 1394.006656,
      }),
      'source': 'coordinador.cl',
      'sourceType': <EventSourceType.measured: 'measured'>,
      'storage': dict({
      }),
      'zoneKey': 'CL-SEN',
    }),
    dict({
      'correctedModes': list([
      ]),
      'datetime': datetime.datetime(2024, 2, 24, 1, 0, tzinfo=zoneinfo.ZoneInfo(key='Chile/Continental')),
      'production': dict({
        'geothermal': 54.72,
        'hydro': 2873.639079,
        'solar': 12.0,
        'unknown': 5092.276621,
        'wind': 1278.197109,
      }),
      'source': 'coordinador.cl',
      'sourceType': <EventSourceType.measured: 'measured'>,
      'storage': dict({
      }),
      'zoneKey': 'CL-SEN',
    }),
    dict({
      'correctedModes': list([
      ]),
      'datetime': datetime.datetime(2024, 2, 24, 2, 0, tzinfo=zoneinfo.ZoneInfo(key='Chile/Continental')),
      'production': dict({
        'geothermal': 45.19,
        'hydro': 2779.006138,
        'solar': 3.3e-05,
        'unknown': 5017.079483,
        'wind': 1255.251476,
      }),
      'source': 'coordinador.cl',
      'sourceType': <EventSourceType.measured: 'measured'>,
      'storage': dict({
      }),
      'zoneKey': 'CL-SEN',
    }),
    dict({
      'correctedModes': list([
      ]),
      'datetime': datetime.datetime(2024, 2, 24, 3, 0, tzinfo=zoneinfo.ZoneInfo(key='Chile/Continental')),
      'production': dict({
        'geothermal': 36.36,
        'hydro': 2535.719159,
        'solar': 0.002682,
        'unknown': 5161.346538,
        'wind': 1216.978644,
      }),
      'source': 'coordinador.cl',
      'sourceType': <EventSourceType.measured: 'measured'>,
      'storage': dict({
      }),
      'zoneKey': 'CL-SEN',
    }),
    dict({
      'correctedModes': list([
      ]),
      'datetime': datetime.datetime(2024, 2, 24, 4, 0, tzinfo=zoneinfo.ZoneInfo(key='Chile/Continental')),
      'production': dict({
        'geothermal': 50.56,
        'hydro': 2455.683144,
        'solar': 0.666425,
        'unknown': 5156.500387,
        'wind': 1190.1354,
      }),
      'source': 'coordinador.cl',
      'sourceType': <EventSourceType.measured: 'measured'>,
      'storage': dict({
      }),
      'zoneKey': 'CL-SEN',
    }),
    dict({
      'correctedModes': list([
      ]),
      'datetime': datetime.datetime(2024, 2, 24, 5, 0, tzinfo=zoneinfo.ZoneInfo(key='Chile/Continental')),
      'production': dict({
        'geothermal': 50.6,
        'hydro': 2344.02243,
        'solar': 2.78778,
        'unknown': 5173.181655,
        'wind': 1265.949049,
      }),
      'source': 'coordinador.cl',
      'sourceType': <EventSourceType.measured: 'measured'>,
      'storage': dict({
      }),
      'zoneKey': 'CL-SEN',
    }),
    dict({
      'correctedModes': list([
      ]),
      'datetime': datetime.datetime(2024, 2, 24, 6, 0, tzinfo=zoneinfo.ZoneInfo(key='Chile/Continental')),
      'production': dict({
        'geothermal': 49.93,
        'hydro': 2436.928362,
        'solar': 4.671609,
        'unknown': 5066.064531,
        'wind': 1340.589791,
      }),
      'source': 'coordinador.cl',
      'sourceType': <EventSourceType.measured: 'measured'>,
      'storage': dict({
      }),
      'zoneKey': 'CL-SEN',
    }),
    dict({
      'correctedModes': list([
      ]),
      'datetime': datetime.datetime(2024, 2, 24, 7, 0, tzinfo=zoneinfo.ZoneInfo(key='Chile/Continental')),
      'production': dict({
        'geothermal': 50.17,
        'hydro': 2612.45783,
        'solar': 128.868019,
        'unknown': 4821.509308,
        'wind': 1252.866856,
      }),
      'source': 'coordinador.cl',
      'sourceType': <EventSourceType.measured: 'measured'>,
      'storage': dict({
      }),
      'zoneKey': 'CL-SEN',
    }),
    dict({
      'correctedModes': list([
      ]),
      'datetime': datetime.datetime(2024, 2, 24, 8, 0, tzinfo=zoneinfo.ZoneInfo(key='Chile/Continental')),
      'production': dict({
        'geothermal': 49.77,
        'hydro': 2416.600953,
        'solar': 2229.983225,
        'unknown': 3304.393787,
        'wind': 980.684729,
      }),
      'source': 'coordinador.cl',
      'sourceType': <EventSourceType.measured: 'measured'>,
      'storage': dict({
      }),
      'zoneKey': 'CL-SEN',
    }),
    dict({
      'correctedModes': list([
      ]),
      'datetime': datetime.datetime(2024, 2, 24, 9, 0, tzinfo=zoneinfo.ZoneInfo(key='Chile/Continental')),
      'production': dict({
        'geothermal': 48.89,
        'hydro': 2422.68662,
        'solar': 4072.759647,
        'unknown': 2101.012526,
        'wind': 738.109111,
      }),
      'source': 'coordinador.cl',
      'sourceType': <EventSourceType.measured: 'measured'>,
      'storage': dict({
      }),
      'zoneKey': 'CL-SEN',
    }),
    dict({
      'correctedModes': list([
      ]),
      'datetime': datetime.datetime(2024, 2, 24, 10, 0, tzinfo=zoneinfo.ZoneInfo(key='Chile/Continental')),
      'production': dict({
        'geothermal': 50.32,
        'hydro': 2125.226312,
        'solar': 4940.913316,
        'unknown': 1942.611623,
        'wind': 586.726374,
      }),
      'source': 'coordinador.cl',
      'sourceType': <EventSourceType.measured: 'measured'>,
      'storage': dict({
      }),
      'zoneKey': 'CL-SEN',
    }),
    dict({
      'correctedModes': list([
      ]),
      'datetime': datetime.datetime(2024, 2, 24, 11, 0, tzinfo=zoneinfo.ZoneInfo(key='Chile/Continental')),
      'production': dict({
        'geothermal': 47.35,
        'hydro': 2150.054145,
        'solar': 5228.110012,
        'unknown': 1821.132904,
        'wind': 572.901276,
      }),
      'source': 'coordinador.cl',
      'sourceType': <EventSourceType.measured: 'measured'>,
      'storage': dict({
      }),
      'zoneKey': 'CL-SEN',
    }),
    dict({
      'correctedModes': list([
      ]),
      'datetime': datetime.datetime(2024, 2, 24, 12, 0, tzinfo=zoneinfo.ZoneInfo(key='Chile/Continental')),
      'production': dict({
        'geothermal': 45.0,
        'hydro': 2085.775046,
        'solar': 5508.17195,
        'unknown': 1796.212359,
        'wind': 473.008079,
      }),
      'source': 'coordinador.cl',
      'sourceType': <EventSourceType.measured: 'measured'>,
      'storage': dict({
      }),
      'zoneKey': 'CL-SEN',
    }),
    dict({
      'correctedModes': list([
      ]),
      'datetime': datetime.datetime(2024, 2, 24, 13, 0, tzinfo=zoneinfo.ZoneInfo(key='Chile/Continental')),
      'production': dict({
        'geothermal': 43.41,
        'hydro': 2192.233165,
        'solar': 5395.869378,
        'unknown': 1908.469311,
        'wind': 472.354431,
      }),
      'source': 'coordinador.cl',
      'sourceType': <EventSourceType.measured: 'measured'>,
      'storage': dict({
      }),
      'zoneKey': 'CL-SEN',
    }),
    dict({
      'correctedModes': list([
      ]),
      'datetime': datetime.datetime(2024, 2, 24, 14, 0, tzinfo=zoneinfo.ZoneInfo(key='Chile/Continental')),
      'production': dict({
        'geothermal': 43.09,
        'hydro': 2270.685839,
        'solar': 5182.93405,
        'unknown': 1935.465852,
        'wind': 649.912391,
      }),
      'source': 'coordinador.cl',
      'sourceType': <EventSourceType.measured: 'measured'>,
      'storage': dict({
      }),
      'zoneKey': 'CL-SEN',
    }),
  ])
# ---
